Archive member included because of file (symbol)

c:/program files (x86)/gnu tools arm embedded/4.9 2015q3/bin/../lib/gcc/arm-none-eabi/4.9.3/armv7e-m/fpu\libgcc.a(_arm_addsubdf3.o)
                              ..\obj\main.o (__aeabi_dsub)
c:/program files (x86)/gnu tools arm embedded/4.9 2015q3/bin/../lib/gcc/arm-none-eabi/4.9.3/armv7e-m/fpu\libgcc.a(_arm_muldivdf3.o)
                              ..\obj\main.o (__aeabi_ddiv)
c:/program files (x86)/gnu tools arm embedded/4.9 2015q3/bin/../lib/gcc/arm-none-eabi/4.9.3/armv7e-m/fpu\libgcc.a(_arm_fixunsdfsi.o)
                              ..\obj\main.o (__aeabi_d2uiz)

Allocating common symbols
Common symbol       size              file

t_adc_buffer        0x4               ..\obj\main.o
t_DAC_BUFFER        0x4               ..\obj\main.o

Discarded input sections

 .text          0x00000000        0x0 ..\obj\encodeur.o
 .data          0x00000000        0x0 ..\obj\encodeur.o
 .bss           0x00000000        0x0 ..\obj\encodeur.o
 .text          0x00000000        0x0 ..\obj\stm32f4xx_syscfg.o
 .data          0x00000000        0x0 ..\obj\stm32f4xx_syscfg.o
 .bss           0x00000000        0x0 ..\obj\stm32f4xx_syscfg.o
 .text.SYSCFG_DeInit
                0x00000000       0x1c ..\obj\stm32f4xx_syscfg.o
 .text.SYSCFG_MemoryRemapConfig
                0x00000000       0x20 ..\obj\stm32f4xx_syscfg.o
 .text.SYSCFG_ETH_MediaInterfaceConfig
                0x00000000       0x1c ..\obj\stm32f4xx_syscfg.o
 .text.SYSCFG_CompensationCellCmd
                0x00000000       0x20 ..\obj\stm32f4xx_syscfg.o
 .text.SYSCFG_GetCompensationCellStatus
                0x00000000       0x34 ..\obj\stm32f4xx_syscfg.o
 .text          0x00000000        0x0 ..\obj\delay.o
 .data          0x00000000        0x0 ..\obj\delay.o
 .text.delay_nus
                0x00000000       0x28 ..\obj\delay.o
 .text.delay_1ms
                0x00000000       0x24 ..\obj\delay.o
 .text.delay_nms
                0x00000000       0x20 ..\obj\delay.o
 .text          0x00000000        0x0 ..\obj\stm32f4xx_usart.o
 .data          0x00000000        0x0 ..\obj\stm32f4xx_usart.o
 .bss           0x00000000        0x0 ..\obj\stm32f4xx_usart.o
 .text.USART_DeInit
                0x00000000       0xd0 ..\obj\stm32f4xx_usart.o
 .text.USART_StructInit
                0x00000000       0x38 ..\obj\stm32f4xx_usart.o
 .text.USART_ClockInit
                0x00000000       0x54 ..\obj\stm32f4xx_usart.o
 .text.USART_ClockStructInit
                0x00000000       0x2c ..\obj\stm32f4xx_usart.o
 .text.USART_SetPrescaler
                0x00000000       0x38 ..\obj\stm32f4xx_usart.o
 .text.USART_OverSampling8Cmd
                0x00000000       0x44 ..\obj\stm32f4xx_usart.o
 .text.USART_OneBitMethodCmd
                0x00000000       0x40 ..\obj\stm32f4xx_usart.o
 .text.USART_ReceiveData
                0x00000000       0x20 ..\obj\stm32f4xx_usart.o
 .text.USART_SetAddress
                0x00000000       0x38 ..\obj\stm32f4xx_usart.o
 .text.USART_ReceiverWakeUpCmd
                0x00000000       0x40 ..\obj\stm32f4xx_usart.o
 .text.USART_WakeUpConfig
                0x00000000       0x38 ..\obj\stm32f4xx_usart.o
 .text.USART_LINBreakDetectLengthConfig
                0x00000000       0x38 ..\obj\stm32f4xx_usart.o
 .text.USART_LINCmd
                0x00000000       0x40 ..\obj\stm32f4xx_usart.o
 .text.USART_SendBreak
                0x00000000       0x24 ..\obj\stm32f4xx_usart.o
 .text.USART_HalfDuplexCmd
                0x00000000       0x40 ..\obj\stm32f4xx_usart.o
 .text.USART_SetGuardTime
                0x00000000       0x3c ..\obj\stm32f4xx_usart.o
 .text.USART_SmartCardCmd
                0x00000000       0x40 ..\obj\stm32f4xx_usart.o
 .text.USART_SmartCardNACKCmd
                0x00000000       0x40 ..\obj\stm32f4xx_usart.o
 .text.USART_IrDAConfig
                0x00000000       0x38 ..\obj\stm32f4xx_usart.o
 .text.USART_IrDACmd
                0x00000000       0x40 ..\obj\stm32f4xx_usart.o
 .text.USART_ITConfig
                0x00000000       0x90 ..\obj\stm32f4xx_usart.o
 .text.USART_ClearFlag
                0x00000000       0x20 ..\obj\stm32f4xx_usart.o
 .text.USART_GetITStatus
                0x00000000       0xb8 ..\obj\stm32f4xx_usart.o
 .text.USART_ClearITPendingBit
                0x00000000       0x38 ..\obj\stm32f4xx_usart.o
 .text          0x00000000        0x0 ..\obj\DAC.o
 .data          0x00000000        0x0 ..\obj\DAC.o
 .bss           0x00000000        0x0 ..\obj\DAC.o
 .debug_info    0x00000000       0x8e ..\obj\DAC.o
 .debug_abbrev  0x00000000       0x49 ..\obj\DAC.o
 .debug_aranges
                0x00000000       0x18 ..\obj\DAC.o
 .debug_line    0x00000000      0x123 ..\obj\DAC.o
 .debug_str     0x00000000      0x178 ..\obj\DAC.o
 .comment       0x00000000       0x71 ..\obj\DAC.o
 .ARM.attributes
                0x00000000       0x39 ..\obj\DAC.o
 .text          0x00000000        0x0 ..\obj\stm32f4xx_dac.o
 .data          0x00000000        0x0 ..\obj\stm32f4xx_dac.o
 .bss           0x00000000        0x0 ..\obj\stm32f4xx_dac.o
 .text.DAC_StructInit
                0x00000000       0x2c ..\obj\stm32f4xx_dac.o
 .text.DAC_SoftwareTriggerCmd
                0x00000000       0x4c ..\obj\stm32f4xx_dac.o
 .text.DAC_WaveGenerationCmd
                0x00000000       0x4c ..\obj\stm32f4xx_dac.o
 .text.DAC_SetChannel1Data
                0x00000000       0x34 ..\obj\stm32f4xx_dac.o
 .text.DAC_SetChannel2Data
                0x00000000       0x34 ..\obj\stm32f4xx_dac.o
 .text.DAC_SetDualChannelData
                0x00000000       0x58 ..\obj\stm32f4xx_dac.o
 .text.DAC_GetDataOutputValue
                0x00000000       0x34 ..\obj\stm32f4xx_dac.o
 .text.DAC_ITConfig
                0x00000000       0x4c ..\obj\stm32f4xx_dac.o
 .text.DAC_GetFlagStatus
                0x00000000       0x3c ..\obj\stm32f4xx_dac.o
 .text.DAC_ClearFlag
                0x00000000       0x24 ..\obj\stm32f4xx_dac.o
 .text.DAC_GetITStatus
                0x00000000       0x58 ..\obj\stm32f4xx_dac.o
 .text.DAC_ClearITPendingBit
                0x00000000       0x24 ..\obj\stm32f4xx_dac.o
 .text          0x00000000        0x0 ..\obj\startup_stm32f4xx.o
 .data          0x00000000        0x0 ..\obj\startup_stm32f4xx.o
 .bss           0x00000000        0x0 ..\obj\startup_stm32f4xx.o
 .text          0x00000000        0x0 ..\obj\main.o
 .data          0x00000000        0x0 ..\obj\main.o
 .text.Sweep_Consigne
                0x00000000       0xb4 ..\obj\main.o
 .text.GetTachyValue
                0x00000000       0x44 ..\obj\main.o
 .text          0x00000000        0x0 ..\obj\stm32f4xx_rcc.o
 .bss           0x00000000        0x0 ..\obj\stm32f4xx_rcc.o
 .text.RCC_DeInit
                0x00000000       0x50 ..\obj\stm32f4xx_rcc.o
 .text.RCC_HSEConfig
                0x00000000       0x24 ..\obj\stm32f4xx_rcc.o
 .text.RCC_WaitForHSEStartUp
                0x00000000       0x50 ..\obj\stm32f4xx_rcc.o
 .text.RCC_AdjustHSICalibrationValue
                0x00000000       0x3c ..\obj\stm32f4xx_rcc.o
 .text.RCC_HSICmd
                0x00000000       0x20 ..\obj\stm32f4xx_rcc.o
 .text.RCC_LSEConfig
                0x00000000       0x40 ..\obj\stm32f4xx_rcc.o
 .text.RCC_LSICmd
                0x00000000       0x20 ..\obj\stm32f4xx_rcc.o
 .text.RCC_PLLConfig
                0x00000000       0x3c ..\obj\stm32f4xx_rcc.o
 .text.RCC_PLLCmd
                0x00000000       0x20 ..\obj\stm32f4xx_rcc.o
 .text.RCC_PLLI2SConfig
                0x00000000       0x28 ..\obj\stm32f4xx_rcc.o
 .text.RCC_PLLI2SCmd
                0x00000000       0x20 ..\obj\stm32f4xx_rcc.o
 .text.RCC_ClockSecuritySystemCmd
                0x00000000       0x20 ..\obj\stm32f4xx_rcc.o
 .text.RCC_MCO1Config
                0x00000000       0x3c ..\obj\stm32f4xx_rcc.o
 .text.RCC_MCO2Config
                0x00000000       0x3c ..\obj\stm32f4xx_rcc.o
 .text.RCC_SYSCLKConfig
                0x00000000       0x38 ..\obj\stm32f4xx_rcc.o
 .text.RCC_GetSYSCLKSource
                0x00000000       0x20 ..\obj\stm32f4xx_rcc.o
 .text.RCC_HCLKConfig
                0x00000000       0x38 ..\obj\stm32f4xx_rcc.o
 .text.RCC_PCLK1Config
                0x00000000       0x38 ..\obj\stm32f4xx_rcc.o
 .text.RCC_PCLK2Config
                0x00000000       0x38 ..\obj\stm32f4xx_rcc.o
 .text.RCC_RTCCLKConfig
                0x00000000       0x5c ..\obj\stm32f4xx_rcc.o
 .text.RCC_RTCCLKCmd
                0x00000000       0x20 ..\obj\stm32f4xx_rcc.o
 .text.RCC_BackupResetCmd
                0x00000000       0x20 ..\obj\stm32f4xx_rcc.o
 .text.RCC_I2SCLKConfig
                0x00000000       0x1c ..\obj\stm32f4xx_rcc.o
 .text.RCC_AHB2PeriphClockCmd
                0x00000000       0x3c ..\obj\stm32f4xx_rcc.o
 .text.RCC_AHB3PeriphClockCmd
                0x00000000       0x3c ..\obj\stm32f4xx_rcc.o
 .text.RCC_AHB1PeriphResetCmd
                0x00000000       0x3c ..\obj\stm32f4xx_rcc.o
 .text.RCC_AHB2PeriphResetCmd
                0x00000000       0x3c ..\obj\stm32f4xx_rcc.o
 .text.RCC_AHB3PeriphResetCmd
                0x00000000       0x3c ..\obj\stm32f4xx_rcc.o
 .text.RCC_AHB1PeriphClockLPModeCmd
                0x00000000       0x3c ..\obj\stm32f4xx_rcc.o
 .text.RCC_AHB2PeriphClockLPModeCmd
                0x00000000       0x3c ..\obj\stm32f4xx_rcc.o
 .text.RCC_AHB3PeriphClockLPModeCmd
                0x00000000       0x3c ..\obj\stm32f4xx_rcc.o
 .text.RCC_APB1PeriphClockLPModeCmd
                0x00000000       0x3c ..\obj\stm32f4xx_rcc.o
 .text.RCC_APB2PeriphClockLPModeCmd
                0x00000000       0x3c ..\obj\stm32f4xx_rcc.o
 .text.RCC_ITConfig
                0x00000000       0x4c ..\obj\stm32f4xx_rcc.o
 .text.RCC_GetFlagStatus
                0x00000000       0x74 ..\obj\stm32f4xx_rcc.o
 .text.RCC_ClearFlag
                0x00000000       0x1c ..\obj\stm32f4xx_rcc.o
 .text.RCC_GetITStatus
                0x00000000       0x38 ..\obj\stm32f4xx_rcc.o
 .text.RCC_ClearITPendingBit
                0x00000000       0x20 ..\obj\stm32f4xx_rcc.o
 .text          0x00000000        0x0 ..\obj\board.o
 .data          0x00000000        0x0 ..\obj\board.o
 .bss           0x00000000        0x0 ..\obj\board.o
 .text          0x00000000        0x0 ..\obj\ADC.o
 .data          0x00000000        0x0 ..\obj\ADC.o
 .bss           0x00000000        0x0 ..\obj\ADC.o
 .debug_info    0x00000000       0x8e ..\obj\ADC.o
 .debug_abbrev  0x00000000       0x49 ..\obj\ADC.o
 .debug_aranges
                0x00000000       0x18 ..\obj\ADC.o
 .debug_line    0x00000000      0x123 ..\obj\ADC.o
 .debug_str     0x00000000      0x178 ..\obj\ADC.o
 .comment       0x00000000       0x71 ..\obj\ADC.o
 .ARM.attributes
                0x00000000       0x39 ..\obj\ADC.o
 .text          0x00000000        0x0 ..\obj\stm32f4xx_adc.o
 .data          0x00000000        0x0 ..\obj\stm32f4xx_adc.o
 .bss           0x00000000        0x0 ..\obj\stm32f4xx_adc.o
 .text.ADC_StructInit
                0x00000000       0x3c ..\obj\stm32f4xx_adc.o
 .text.ADC_CommonStructInit
                0x00000000       0x2c ..\obj\stm32f4xx_adc.o
 .text.ADC_AnalogWatchdogCmd
                0x00000000       0x38 ..\obj\stm32f4xx_adc.o
 .text.ADC_AnalogWatchdogThresholdsConfig
                0x00000000       0x28 ..\obj\stm32f4xx_adc.o
 .text.ADC_AnalogWatchdogSingleChannelConfig
                0x00000000       0x38 ..\obj\stm32f4xx_adc.o
 .text.ADC_TempSensorVrefintCmd
                0x00000000       0x38 ..\obj\stm32f4xx_adc.o
 .text.ADC_VBATCmd
                0x00000000       0x38 ..\obj\stm32f4xx_adc.o
 .text.ADC_GetSoftwareStartConvStatus
                0x00000000       0x30 ..\obj\stm32f4xx_adc.o
 .text.ADC_EOCOnEachRegularChannelCmd
                0x00000000       0x38 ..\obj\stm32f4xx_adc.o
 .text.ADC_ContinuousModeCmd
                0x00000000       0x38 ..\obj\stm32f4xx_adc.o
 .text.ADC_DiscModeChannelCountConfig
                0x00000000       0x44 ..\obj\stm32f4xx_adc.o
 .text.ADC_DiscModeCmd
                0x00000000       0x38 ..\obj\stm32f4xx_adc.o
 .text.ADC_GetConversionValue
                0x00000000       0x1c ..\obj\stm32f4xx_adc.o
 .text.ADC_GetMultiModeConversionValue
                0x00000000       0x18 ..\obj\stm32f4xx_adc.o
 .text.ADC_MultiModeDMARequestAfterLastTransferCmd
                0x00000000       0x38 ..\obj\stm32f4xx_adc.o
 .text.ADC_InjectedChannelConfig
                0x00000000      0x120 ..\obj\stm32f4xx_adc.o
 .text.ADC_InjectedSequencerLengthConfig
                0x00000000       0x44 ..\obj\stm32f4xx_adc.o
 .text.ADC_SetInjectedOffset
                0x00000000       0x34 ..\obj\stm32f4xx_adc.o
 .text.ADC_ExternalTrigInjectedConvConfig
                0x00000000       0x34 ..\obj\stm32f4xx_adc.o
 .text.ADC_ExternalTrigInjectedConvEdgeConfig
                0x00000000       0x34 ..\obj\stm32f4xx_adc.o
 .text.ADC_SoftwareStartInjectedConv
                0x00000000       0x20 ..\obj\stm32f4xx_adc.o
 .text.ADC_GetSoftwareStartInjectedConvCmdStatus
                0x00000000       0x30 ..\obj\stm32f4xx_adc.o
 .text.ADC_AutoInjectedConvCmd
                0x00000000       0x38 ..\obj\stm32f4xx_adc.o
 .text.ADC_InjectedDiscModeCmd
                0x00000000       0x38 ..\obj\stm32f4xx_adc.o
 .text.ADC_GetInjectedConversionValue
                0x00000000       0x30 ..\obj\stm32f4xx_adc.o
 .text.ADC_ITConfig
                0x00000000       0x50 ..\obj\stm32f4xx_adc.o
 .text.ADC_GetFlagStatus
                0x00000000       0x34 ..\obj\stm32f4xx_adc.o
 .text.ADC_ClearFlag
                0x00000000       0x20 ..\obj\stm32f4xx_adc.o
 .text.ADC_GetITStatus
                0x00000000       0x5c ..\obj\stm32f4xx_adc.o
 .text.ADC_ClearITPendingBit
                0x00000000       0x2c ..\obj\stm32f4xx_adc.o
 .text          0x00000000        0x0 ..\obj\printf.o
 .bss           0x00000000        0x0 ..\obj\printf.o
 .text.snprintf
                0x00000000       0x30 ..\obj\printf.o
 .text.fprintf  0x00000000       0x2c ..\obj\printf.o
 .text.sprintf  0x00000000       0x2c ..\obj\printf.o
 .text.puts     0x00000000       0x24 ..\obj\printf.o
 .text          0x00000000        0x0 ..\obj\tachy.o
 .data          0x00000000        0x0 ..\obj\tachy.o
 .bss           0x00000000        0x0 ..\obj\tachy.o
 .rodata        0x00000000        0x8 ..\obj\tachy.o
 .text          0x00000000        0x0 ..\obj\stm32f4xx_gpio.o
 .data          0x00000000        0x0 ..\obj\stm32f4xx_gpio.o
 .bss           0x00000000        0x0 ..\obj\stm32f4xx_gpio.o
 .text.GPIO_DeInit
                0x00000000      0x120 ..\obj\stm32f4xx_gpio.o
 .text.GPIO_StructInit
                0x00000000       0x34 ..\obj\stm32f4xx_gpio.o
 .text.GPIO_PinLockConfig
                0x00000000       0x44 ..\obj\stm32f4xx_gpio.o
 .text.GPIO_ReadInputData
                0x00000000       0x1c ..\obj\stm32f4xx_gpio.o
 .text.GPIO_ReadOutputDataBit
                0x00000000       0x34 ..\obj\stm32f4xx_gpio.o
 .text.GPIO_ReadOutputData
                0x00000000       0x1c ..\obj\stm32f4xx_gpio.o
 .text.GPIO_SetBits
                0x00000000       0x1c ..\obj\stm32f4xx_gpio.o
 .text.GPIO_ResetBits
                0x00000000       0x1c ..\obj\stm32f4xx_gpio.o
 .text.GPIO_WriteBit
                0x00000000       0x30 ..\obj\stm32f4xx_gpio.o
 .text.GPIO_Write
                0x00000000       0x1c ..\obj\stm32f4xx_gpio.o
 .text          0x00000000        0x0 ..\obj\system_stm32f4xx.o
 .bss           0x00000000        0x0 ..\obj\system_stm32f4xx.o
 .text.SystemInit
                0x00000000       0x68 ..\obj\system_stm32f4xx.o
 .text.SystemCoreClockUpdate
                0x00000000       0xf8 ..\obj\system_stm32f4xx.o
 .text.SetSysClock
                0x00000000       0xf4 ..\obj\system_stm32f4xx.o
 .text          0x00000000        0x0 ..\obj\stm32f4xx_dma.o
 .data          0x00000000        0x0 ..\obj\stm32f4xx_dma.o
 .bss           0x00000000        0x0 ..\obj\stm32f4xx_dma.o
 .text.DMA_PeriphIncOffsetSizeConfig
                0x00000000       0x34 ..\obj\stm32f4xx_dma.o
 .text.DMA_FlowControllerConfig
                0x00000000       0x34 ..\obj\stm32f4xx_dma.o
 .text.DMA_SetCurrDataCounter
                0x00000000       0x1c ..\obj\stm32f4xx_dma.o
 .text.DMA_GetCurrDataCounter
                0x00000000       0x1c ..\obj\stm32f4xx_dma.o
 .text.DMA_DoubleBufferModeConfig
                0x00000000       0x3c ..\obj\stm32f4xx_dma.o
 .text.DMA_DoubleBufferModeCmd
                0x00000000       0x38 ..\obj\stm32f4xx_dma.o
 .text.DMA_MemoryTargetConfig
                0x00000000       0x2c ..\obj\stm32f4xx_dma.o
 .text.DMA_GetCurrentMemoryTarget
                0x00000000       0x30 ..\obj\stm32f4xx_dma.o
 .text.DMA_GetCmdStatus
                0x00000000       0x30 ..\obj\stm32f4xx_dma.o
 .text.DMA_GetFIFOStatus
                0x00000000       0x24 ..\obj\stm32f4xx_dma.o
 .text.DMA_GetFlagStatus
                0x00000000       0x78 ..\obj\stm32f4xx_dma.o
 .text.DMA_ClearFlag
                0x00000000       0x5c ..\obj\stm32f4xx_dma.o
 .text          0x00000000        0x0 ..\obj\asservissement.o
 .data          0x00000000        0x0 ..\obj\asservissement.o
 .bss           0x00000000        0x0 ..\obj\asservissement.o
 .rodata        0x00000000        0x8 ..\obj\asservissement.o
 .debug_info    0x00000000       0xbc ..\obj\asservissement.o
 .debug_abbrev  0x00000000       0x5f ..\obj\asservissement.o
 .debug_aranges
                0x00000000       0x18 ..\obj\asservissement.o
 .debug_line    0x00000000      0x155 ..\obj\asservissement.o
 .debug_str     0x00000000      0x1a0 ..\obj\asservissement.o
 .comment       0x00000000       0x71 ..\obj\asservissement.o
 .ARM.attributes
                0x00000000       0x39 ..\obj\asservissement.o
 .text          0x00000000        0x0 ..\obj\stm32f4xx_exti.o
 .data          0x00000000        0x0 ..\obj\stm32f4xx_exti.o
 .bss           0x00000000        0x0 ..\obj\stm32f4xx_exti.o
 .text.EXTI_DeInit
                0x00000000       0x34 ..\obj\stm32f4xx_exti.o
 .text.EXTI_StructInit
                0x00000000       0x2c ..\obj\stm32f4xx_exti.o
 .text.EXTI_GenerateSWInterrupt
                0x00000000       0x24 ..\obj\stm32f4xx_exti.o
 .text.EXTI_GetFlagStatus
                0x00000000       0x34 ..\obj\stm32f4xx_exti.o
 .text.EXTI_ClearFlag
                0x00000000       0x1c ..\obj\stm32f4xx_exti.o
 .text          0x00000000        0x0 ..\obj\misc.o
 .data          0x00000000        0x0 ..\obj\misc.o
 .bss           0x00000000        0x0 ..\obj\misc.o
 .text.NVIC_PriorityGroupConfig
                0x00000000       0x24 ..\obj\misc.o
 .text.NVIC_SetVectorTable
                0x00000000       0x2c ..\obj\misc.o
 .text.NVIC_SystemLPConfig
                0x00000000       0x40 ..\obj\misc.o
 .text.SysTick_CLKSourceConfig
                0x00000000       0x38 ..\obj\misc.o
 .text          0x00000000        0x0 ..\obj\stm32f4xx_tim.o
 .data          0x00000000        0x0 ..\obj\stm32f4xx_tim.o
 .bss           0x00000000        0x0 ..\obj\stm32f4xx_tim.o
 .text.TIM_DeInit
                0x00000000      0x1bc ..\obj\stm32f4xx_tim.o
 .text.TIM_TimeBaseStructInit
                0x00000000       0x34 ..\obj\stm32f4xx_tim.o
 .text.TIM_PrescalerConfig
                0x00000000       0x28 ..\obj\stm32f4xx_tim.o
 .text.TIM_CounterModeConfig
                0x00000000       0x38 ..\obj\stm32f4xx_tim.o
 .text.TIM_SetCounter
                0x00000000       0x1c ..\obj\stm32f4xx_tim.o
 .text.TIM_SetAutoreload
                0x00000000       0x1c ..\obj\stm32f4xx_tim.o
 .text.TIM_GetCounter
                0x00000000       0x18 ..\obj\stm32f4xx_tim.o
 .text.TIM_GetPrescaler
                0x00000000       0x1c ..\obj\stm32f4xx_tim.o
 .text.TIM_UpdateDisableConfig
                0x00000000       0x40 ..\obj\stm32f4xx_tim.o
 .text.TIM_UpdateRequestConfig
                0x00000000       0x40 ..\obj\stm32f4xx_tim.o
 .text.TIM_ARRPreloadConfig
                0x00000000       0x40 ..\obj\stm32f4xx_tim.o
 .text.TIM_SelectOnePulseMode
                0x00000000       0x38 ..\obj\stm32f4xx_tim.o
 .text.TIM_SetClockDivision
                0x00000000       0x38 ..\obj\stm32f4xx_tim.o
 .text.TIM_OC1Init
                0x00000000       0xf4 ..\obj\stm32f4xx_tim.o
 .text.TIM_OC2Init
                0x00000000      0x110 ..\obj\stm32f4xx_tim.o
 .text.TIM_OC3Init
                0x00000000      0x10c ..\obj\stm32f4xx_tim.o
 .text.TIM_OC4Init
                0x00000000       0xcc ..\obj\stm32f4xx_tim.o
 .text.TIM_OCStructInit
                0x00000000       0x44 ..\obj\stm32f4xx_tim.o
 .text.TIM_SelectOCxM
                0x00000000       0xb0 ..\obj\stm32f4xx_tim.o
 .text.TIM_SetCompare1
                0x00000000       0x1c ..\obj\stm32f4xx_tim.o
 .text.TIM_SetCompare2
                0x00000000       0x1c ..\obj\stm32f4xx_tim.o
 .text.TIM_SetCompare3
                0x00000000       0x1c ..\obj\stm32f4xx_tim.o
 .text.TIM_SetCompare4
                0x00000000       0x1c ..\obj\stm32f4xx_tim.o
 .text.TIM_ForcedOC1Config
                0x00000000       0x38 ..\obj\stm32f4xx_tim.o
 .text.TIM_ForcedOC2Config
                0x00000000       0x3c ..\obj\stm32f4xx_tim.o
 .text.TIM_ForcedOC3Config
                0x00000000       0x38 ..\obj\stm32f4xx_tim.o
 .text.TIM_ForcedOC4Config
                0x00000000       0x3c ..\obj\stm32f4xx_tim.o
 .text.TIM_OC1PreloadConfig
                0x00000000       0x38 ..\obj\stm32f4xx_tim.o
 .text.TIM_OC2PreloadConfig
                0x00000000       0x3c ..\obj\stm32f4xx_tim.o
 .text.TIM_OC3PreloadConfig
                0x00000000       0x38 ..\obj\stm32f4xx_tim.o
 .text.TIM_OC4PreloadConfig
                0x00000000       0x3c ..\obj\stm32f4xx_tim.o
 .text.TIM_OC1FastConfig
                0x00000000       0x38 ..\obj\stm32f4xx_tim.o
 .text.TIM_OC2FastConfig
                0x00000000       0x3c ..\obj\stm32f4xx_tim.o
 .text.TIM_OC3FastConfig
                0x00000000       0x38 ..\obj\stm32f4xx_tim.o
 .text.TIM_OC4FastConfig
                0x00000000       0x3c ..\obj\stm32f4xx_tim.o
 .text.TIM_ClearOC1Ref
                0x00000000       0x38 ..\obj\stm32f4xx_tim.o
 .text.TIM_ClearOC2Ref
                0x00000000       0x3c ..\obj\stm32f4xx_tim.o
 .text.TIM_ClearOC3Ref
                0x00000000       0x38 ..\obj\stm32f4xx_tim.o
 .text.TIM_ClearOC4Ref
                0x00000000       0x3c ..\obj\stm32f4xx_tim.o
 .text.TIM_OC1PolarityConfig
                0x00000000       0x38 ..\obj\stm32f4xx_tim.o
 .text.TIM_OC1NPolarityConfig
                0x00000000       0x38 ..\obj\stm32f4xx_tim.o
 .text.TIM_OC2PolarityConfig
                0x00000000       0x3c ..\obj\stm32f4xx_tim.o
 .text.TIM_OC2NPolarityConfig
                0x00000000       0x3c ..\obj\stm32f4xx_tim.o
 .text.TIM_OC3PolarityConfig
                0x00000000       0x3c ..\obj\stm32f4xx_tim.o
 .text.TIM_OC3NPolarityConfig
                0x00000000       0x3c ..\obj\stm32f4xx_tim.o
 .text.TIM_OC4PolarityConfig
                0x00000000       0x3c ..\obj\stm32f4xx_tim.o
 .text.TIM_CCxCmd
                0x00000000       0x54 ..\obj\stm32f4xx_tim.o
 .text.TIM_CCxNCmd
                0x00000000       0x54 ..\obj\stm32f4xx_tim.o
 .text.TIM_ICInit
                0x00000000       0xa8 ..\obj\stm32f4xx_tim.o
 .text.TIM_ICStructInit
                0x00000000       0x30 ..\obj\stm32f4xx_tim.o
 .text.TIM_PWMIConfig
                0x00000000       0xb8 ..\obj\stm32f4xx_tim.o
 .text.TIM_GetCapture1
                0x00000000       0x18 ..\obj\stm32f4xx_tim.o
 .text.TIM_GetCapture2
                0x00000000       0x18 ..\obj\stm32f4xx_tim.o
 .text.TIM_GetCapture3
                0x00000000       0x18 ..\obj\stm32f4xx_tim.o
 .text.TIM_GetCapture4
                0x00000000       0x18 ..\obj\stm32f4xx_tim.o
 .text.TIM_SetIC1Prescaler
                0x00000000       0x38 ..\obj\stm32f4xx_tim.o
 .text.TIM_SetIC2Prescaler
                0x00000000       0x3c ..\obj\stm32f4xx_tim.o
 .text.TIM_SetIC3Prescaler
                0x00000000       0x38 ..\obj\stm32f4xx_tim.o
 .text.TIM_SetIC4Prescaler
                0x00000000       0x3c ..\obj\stm32f4xx_tim.o
 .text.TIM_BDTRConfig
                0x00000000       0x50 ..\obj\stm32f4xx_tim.o
 .text.TIM_BDTRStructInit
                0x00000000       0x3c ..\obj\stm32f4xx_tim.o
 .text.TIM_CtrlPWMOutputs
                0x00000000       0x4c ..\obj\stm32f4xx_tim.o
 .text.TIM_SelectCOM
                0x00000000       0x40 ..\obj\stm32f4xx_tim.o
 .text.TIM_CCPreloadControl
                0x00000000       0x40 ..\obj\stm32f4xx_tim.o
 .text.TIM_GenerateEvent
                0x00000000       0x1c ..\obj\stm32f4xx_tim.o
 .text.TIM_GetFlagStatus
                0x00000000       0x38 ..\obj\stm32f4xx_tim.o
 .text.TIM_ClearFlag
                0x00000000       0x20 ..\obj\stm32f4xx_tim.o
 .text.TIM_DMAConfig
                0x00000000       0x28 ..\obj\stm32f4xx_tim.o
 .text.TIM_DMACmd
                0x00000000       0x48 ..\obj\stm32f4xx_tim.o
 .text.TIM_SelectCCDMA
                0x00000000       0x40 ..\obj\stm32f4xx_tim.o
 .text.TIM_InternalClockConfig
                0x00000000       0x24 ..\obj\stm32f4xx_tim.o
 .text.TIM_ITRxExternalClockConfig
                0x00000000       0x2c ..\obj\stm32f4xx_tim.o
 .text.TIM_TIxExternalClockConfig
                0x00000000       0x60 ..\obj\stm32f4xx_tim.o
 .text.TIM_ETRClockMode1Config
                0x00000000       0x5c ..\obj\stm32f4xx_tim.o
 .text.TIM_ETRClockMode2Config
                0x00000000       0x3c ..\obj\stm32f4xx_tim.o
 .text.TIM_SelectInputTrigger
                0x00000000       0x38 ..\obj\stm32f4xx_tim.o
 .text.TIM_SelectSlaveMode
                0x00000000       0x38 ..\obj\stm32f4xx_tim.o
 .text.TIM_SelectMasterSlaveMode
                0x00000000       0x38 ..\obj\stm32f4xx_tim.o
 .text.TIM_ETRConfig
                0x00000000       0x54 ..\obj\stm32f4xx_tim.o
 .text.TIM_EncoderInterfaceConfig
                0x00000000       0x98 ..\obj\stm32f4xx_tim.o
 .text.TIM_SelectHallSensor
                0x00000000       0x40 ..\obj\stm32f4xx_tim.o
 .text.TIM_RemapConfig
                0x00000000       0x20 ..\obj\stm32f4xx_tim.o
 .text.TI1_Config
                0x00000000       0x84 ..\obj\stm32f4xx_tim.o
 .text.TI2_Config
                0x00000000       0x98 ..\obj\stm32f4xx_tim.o
 .text.TI3_Config
                0x00000000       0x90 ..\obj\stm32f4xx_tim.o
 .text.TI4_Config
                0x00000000       0x9c ..\obj\stm32f4xx_tim.o
 .text          0x00000000        0x0 ..\obj\usart.o
 .data          0x00000000        0x0 ..\obj\usart.o
 .bss           0x00000000        0x0 ..\obj\usart.o
 .data          0x00000000        0x0 c:/program files (x86)/gnu tools arm embedded/4.9 2015q3/bin/../lib/gcc/arm-none-eabi/4.9.3/armv7e-m/fpu\libgcc.a(_arm_addsubdf3.o)
 .bss           0x00000000        0x0 c:/program files (x86)/gnu tools arm embedded/4.9 2015q3/bin/../lib/gcc/arm-none-eabi/4.9.3/armv7e-m/fpu\libgcc.a(_arm_addsubdf3.o)
 .data          0x00000000        0x0 c:/program files (x86)/gnu tools arm embedded/4.9 2015q3/bin/../lib/gcc/arm-none-eabi/4.9.3/armv7e-m/fpu\libgcc.a(_arm_muldivdf3.o)
 .bss           0x00000000        0x0 c:/program files (x86)/gnu tools arm embedded/4.9 2015q3/bin/../lib/gcc/arm-none-eabi/4.9.3/armv7e-m/fpu\libgcc.a(_arm_muldivdf3.o)
 .data          0x00000000        0x0 c:/program files (x86)/gnu tools arm embedded/4.9 2015q3/bin/../lib/gcc/arm-none-eabi/4.9.3/armv7e-m/fpu\libgcc.a(_arm_fixunsdfsi.o)
 .bss           0x00000000        0x0 c:/program files (x86)/gnu tools arm embedded/4.9 2015q3/bin/../lib/gcc/arm-none-eabi/4.9.3/armv7e-m/fpu\libgcc.a(_arm_fixunsdfsi.o)

Memory Configuration

Name             Origin             Length             Attributes
rom              0x08000000         0x00100000         xr
ram              0x20000000         0x00020000         xrw
ram1             0x10000000         0x00010000         xrw
*default*        0x00000000         0xffffffff

Linker script and memory map

                0x20020000                _eram = 0x20020000

.text           0x08000000     0x373c
 *(.isr_vector)
 .isr_vector    0x08000000      0x188 ..\obj\startup_stm32f4xx.o
                0x08000000                g_pfnVectors
 *(.text*)
 .text.Encodeur_Config
                0x08000188       0x9c ..\obj\encodeur.o
                0x08000188                Encodeur_Config
 .text.SYSCFG_EXTILineConfig
                0x08000224       0x84 ..\obj\stm32f4xx_syscfg.o
                0x08000224                SYSCFG_EXTILineConfig
 .text.NVIC_SetPriority
                0x080002a8       0x54 ..\obj\delay.o
 .text.SysTick_Config
                0x080002fc       0x44 ..\obj\delay.o
 .text.SysTick_Init
                0x08000340       0x28 ..\obj\delay.o
                0x08000340                SysTick_Init
 .text.TimeTick_Decrement
                0x08000368       0x24 ..\obj\delay.o
                0x08000368                TimeTick_Decrement
 .text.USART_Init
                0x0800038c      0x178 ..\obj\stm32f4xx_usart.o
                0x0800038c                USART_Init
 .text.USART_Cmd
                0x08000504       0x40 ..\obj\stm32f4xx_usart.o
                0x08000504                USART_Cmd
 .text.USART_SendData
                0x08000544       0x24 ..\obj\stm32f4xx_usart.o
                0x08000544                USART_SendData
 .text.USART_DMACmd
                0x08000568       0x48 ..\obj\stm32f4xx_usart.o
                0x08000568                USART_DMACmd
 .text.USART_GetFlagStatus
                0x080005b0       0x38 ..\obj\stm32f4xx_usart.o
                0x080005b0                USART_GetFlagStatus
 .text.DAC_DeInit
                0x080005e8       0x1c ..\obj\stm32f4xx_dac.o
                0x080005e8                DAC_DeInit
 .text.DAC_Init
                0x08000604       0x64 ..\obj\stm32f4xx_dac.o
                0x08000604                DAC_Init
 .text.DAC_Cmd  0x08000668       0x48 ..\obj\stm32f4xx_dac.o
                0x08000668                DAC_Cmd
 .text.DAC_DualSoftwareTriggerCmd
                0x080006b0       0x38 ..\obj\stm32f4xx_dac.o
                0x080006b0                DAC_DualSoftwareTriggerCmd
 .text.DAC_DMACmd
                0x080006e8       0x4c ..\obj\stm32f4xx_dac.o
                0x080006e8                DAC_DMACmd
 .text.Default_Reset_Handler
                0x08000734       0x68 ..\obj\startup_stm32f4xx.o
                0x08000734                Default_Reset_Handler
                0x08000734                Reset_Handler
 .text.Default_Handler
                0x0800079c        0x8 ..\obj\startup_stm32f4xx.o
                0x0800079c                RTC_Alarm_IRQHandler
                0x0800079c                HASH_RNG_IRQHandler
                0x0800079c                EXTI2_IRQHandler
                0x0800079c                TIM8_CC_IRQHandler
                0x0800079c                DebugMon_Handler
                0x0800079c                TIM1_CC_IRQHandler
                0x0800079c                DMA2_Stream5_IRQHandler
                0x0800079c                HardFault_Handler
                0x0800079c                DMA1_Stream5_IRQHandler
                0x0800079c                PVD_IRQHandler
                0x0800079c                SDIO_IRQHandler
                0x0800079c                TAMP_STAMP_IRQHandler
                0x0800079c                PendSV_Handler
                0x0800079c                NMI_Handler
                0x0800079c                CAN2_RX1_IRQHandler
                0x0800079c                EXTI3_IRQHandler
                0x0800079c                TIM8_TRG_COM_TIM14_IRQHandler
                0x0800079c                TIM1_UP_TIM10_IRQHandler
                0x0800079c                TIM8_UP_TIM13_IRQHandler
                0x0800079c                I2C3_ER_IRQHandler
                0x0800079c                I2C2_EV_IRQHandler
                0x0800079c                DMA1_Stream2_IRQHandler
                0x0800079c                CAN1_RX0_IRQHandler
                0x0800079c                FPU_IRQHandler
                0x0800079c                OTG_HS_WKUP_IRQHandler
                0x0800079c                UsageFault_Handler
                0x0800079c                CAN2_SCE_IRQHandler
                0x0800079c                DMA2_Stream2_IRQHandler
                0x0800079c                SPI1_IRQHandler
                0x0800079c                TIM6_DAC_IRQHandler
                0x0800079c                TIM1_BRK_TIM9_IRQHandler
                0x0800079c                DCMI_IRQHandler
                0x0800079c                CAN2_RX0_IRQHandler
                0x0800079c                DMA2_Stream3_IRQHandler
                0x0800079c                USART6_IRQHandler
                0x0800079c                USART3_IRQHandler
                0x0800079c                CRYP_IRQHandler
                0x0800079c                CAN1_RX1_IRQHandler
                0x0800079c                UART5_IRQHandler
                0x0800079c                DMA2_Stream0_IRQHandler
                0x0800079c                TIM4_IRQHandler
                0x0800079c                I2C1_EV_IRQHandler
                0x0800079c                DMA1_Stream6_IRQHandler
                0x0800079c                UART4_IRQHandler
                0x0800079c                RCC_IRQHandler
                0x0800079c                TIM8_BRK_TIM12_IRQHandler
                0x0800079c                EXTI15_10_IRQHandler
                0x0800079c                ADC_IRQHandler
                0x0800079c                DMA1_Stream7_IRQHandler
                0x0800079c                TIM7_IRQHandler
                0x0800079c                CAN2_TX_IRQHandler
                0x0800079c                TIM5_IRQHandler
                0x0800079c                DMA2_Stream7_IRQHandler
                0x0800079c                I2C3_EV_IRQHandler
                0x0800079c                RTC_WKUP_IRQHandler
                0x0800079c                ETH_WKUP_IRQHandler
                0x0800079c                SPI2_IRQHandler
                0x0800079c                OTG_HS_EP1_IN_IRQHandler
                0x0800079c                MemManage_Handler
                0x0800079c                DMA1_Stream0_IRQHandler
                0x0800079c                CAN1_TX_IRQHandler
                0x0800079c                SVC_Handler
                0x0800079c                EXTI4_IRQHandler
                0x0800079c                FSMC_IRQHandler
                0x0800079c                ETH_IRQHandler
                0x0800079c                OTG_HS_EP1_OUT_IRQHandler
                0x0800079c                WWDG_IRQHandler
                0x0800079c                OTG_FS_WKUP_IRQHandler
                0x0800079c                TIM1_TRG_COM_TIM11_IRQHandler
                0x0800079c                OTG_HS_IRQHandler
                0x0800079c                EXTI1_IRQHandler
                0x0800079c                USART2_IRQHandler
                0x0800079c                I2C2_ER_IRQHandler
                0x0800079c                DMA2_Stream1_IRQHandler
                0x0800079c                CAN1_SCE_IRQHandler
                0x0800079c                FLASH_IRQHandler
                0x0800079c                DMA2_Stream4_IRQHandler
                0x0800079c                BusFault_Handler
                0x0800079c                USART1_IRQHandler
                0x0800079c                OTG_FS_IRQHandler
                0x0800079c                SPI3_IRQHandler
                0x0800079c                DMA1_Stream4_IRQHandler
                0x0800079c                I2C1_ER_IRQHandler
                0x0800079c                DMA2_Stream6_IRQHandler
                0x0800079c                DMA1_Stream3_IRQHandler
 .text.main     0x080007a4      0x1b0 ..\obj\main.o
                0x080007a4                main
 .text.Data_Init
                0x08000954       0x2c ..\obj\main.o
                0x08000954                Data_Init
 .text.UpdateValues
                0x08000980       0x60 ..\obj\main.o
                0x08000980                UpdateValues
 .text.SendData
                0x080009e0       0xec ..\obj\main.o
                0x080009e0                SendData
 .text.PID_Init
                0x08000acc       0x48 ..\obj\main.o
                0x08000acc                PID_Init
 .text.PID_Calculate
                0x08000b14      0x1b0 ..\obj\main.o
                0x08000b14                PID_Calculate
 .text.UpdateConsigneDAC
                0x08000cc4       0x28 ..\obj\main.o
                0x08000cc4                UpdateConsigneDAC
 .text.RPMToDAC
                0x08000cec       0xe0 ..\obj\main.o
                0x08000cec                RPMToDAC
 .text.Consigne_Init
                0x08000dcc       0x24 ..\obj\main.o
                0x08000dcc                Consigne_Init
 .text.UpdateReceivedConsigne
                0x08000df0       0xac ..\obj\main.o
                0x08000df0                UpdateReceivedConsigne
 .text.TIM2_Init
                0x08000e9c       0x74 ..\obj\main.o
                0x08000e9c                TIM2_Init
 .text.TIM3_Init
                0x08000f10       0x6c ..\obj\main.o
                0x08000f10                TIM3_Init
 .text.TIM4_Init
                0x08000f7c       0x44 ..\obj\main.o
                0x08000f7c                TIM4_Init
 .text.Global_Config
                0x08000fc0       0xac ..\obj\main.o
                0x08000fc0                Global_Config
 .text.ADC_Config
                0x0800106c      0x160 ..\obj\main.o
                0x0800106c                ADC_Config
 .text.DAC_Config
                0x080011cc       0xd0 ..\obj\main.o
                0x080011cc                DAC_Config
 .text.SysTick_Handler
                0x0800129c        0xc ..\obj\main.o
                0x0800129c                SysTick_Handler
 .text.EXTI0_IRQHandler
                0x080012a8       0x28 ..\obj\main.o
                0x080012a8                EXTI0_IRQHandler
 .text.EXTI9_5_IRQHandler
                0x080012d0       0x2c ..\obj\main.o
                0x080012d0                EXTI9_5_IRQHandler
 .text.DMA1_Stream1_IRQHandler
                0x080012fc       0x34 ..\obj\main.o
                0x080012fc                DMA1_Stream1_IRQHandler
 .text.TIM2_IRQHandler
                0x08001330       0x30 ..\obj\main.o
                0x08001330                TIM2_IRQHandler
 .text.TIM3_IRQHandler
                0x08001360       0x30 ..\obj\main.o
                0x08001360                TIM3_IRQHandler
 .text.RCC_GetClocksFreq
                0x08001390      0x154 ..\obj\stm32f4xx_rcc.o
                0x08001390                RCC_GetClocksFreq
 .text.RCC_AHB1PeriphClockCmd
                0x080014e4       0x3c ..\obj\stm32f4xx_rcc.o
                0x080014e4                RCC_AHB1PeriphClockCmd
 .text.RCC_APB1PeriphClockCmd
                0x08001520       0x3c ..\obj\stm32f4xx_rcc.o
                0x08001520                RCC_APB1PeriphClockCmd
 .text.RCC_APB2PeriphClockCmd
                0x0800155c       0x3c ..\obj\stm32f4xx_rcc.o
                0x0800155c                RCC_APB2PeriphClockCmd
 .text.RCC_APB1PeriphResetCmd
                0x08001598       0x3c ..\obj\stm32f4xx_rcc.o
                0x08001598                RCC_APB1PeriphResetCmd
 .text.RCC_APB2PeriphResetCmd
                0x080015d4       0x3c ..\obj\stm32f4xx_rcc.o
                0x080015d4                RCC_APB2PeriphResetCmd
 .text.LED_Config
                0x08001610       0x38 ..\obj\board.o
                0x08001610                LED_Config
 .text.PushButton_Config
                0x08001648       0x78 ..\obj\board.o
                0x08001648                PushButton_Config
 .text.ADC_DeInit
                0x080016c0       0x1c ..\obj\stm32f4xx_adc.o
                0x080016c0                ADC_DeInit
 .text.ADC_Init
                0x080016dc       0xa8 ..\obj\stm32f4xx_adc.o
                0x080016dc                ADC_Init
 .text.ADC_CommonInit
                0x08001784       0x50 ..\obj\stm32f4xx_adc.o
                0x08001784                ADC_CommonInit
 .text.ADC_Cmd  0x080017d4       0x38 ..\obj\stm32f4xx_adc.o
                0x080017d4                ADC_Cmd
 .text.ADC_RegularChannelConfig
                0x0800180c      0x194 ..\obj\stm32f4xx_adc.o
                0x0800180c                ADC_RegularChannelConfig
 .text.ADC_SoftwareStartConv
                0x080019a0       0x20 ..\obj\stm32f4xx_adc.o
                0x080019a0                ADC_SoftwareStartConv
 .text.ADC_DMACmd
                0x080019c0       0x38 ..\obj\stm32f4xx_adc.o
                0x080019c0                ADC_DMACmd
 .text.ADC_DMARequestAfterLastTransferCmd
                0x080019f8       0x38 ..\obj\stm32f4xx_adc.o
                0x080019f8                ADC_DMARequestAfterLastTransferCmd
 .text.PrintChar
                0x08001a30       0x30 ..\obj\printf.o
                0x08001a30                PrintChar
 .text.PutChar  0x08001a60       0x20 ..\obj\printf.o
                0x08001a60                PutChar
 .text.PutString
                0x08001a80       0x3c ..\obj\printf.o
                0x08001a80                PutString
 .text.PutUnsignedInt
                0x08001abc       0xa0 ..\obj\printf.o
                0x08001abc                PutUnsignedInt
 .text.PutSignedInt
                0x08001b5c      0x104 ..\obj\printf.o
                0x08001b5c                PutSignedInt
 .text.PutHexa  0x08001c60       0xd8 ..\obj\printf.o
                0x08001c60                PutHexa
 .text.vsnprintf
                0x08001d38      0x25c ..\obj\printf.o
                0x08001d38                vsnprintf
 .text.vsprintf
                0x08001f94       0x24 ..\obj\printf.o
                0x08001f94                vsprintf
 .text.vfprintf
                0x08001fb8       0x68 ..\obj\printf.o
                0x08001fb8                vfprintf
 .text.vprintf  0x08002020       0x28 ..\obj\printf.o
                0x08002020                vprintf
 .text.my_printf
                0x08002048       0x28 ..\obj\printf.o
                0x08002048                my_printf
 .text.fputc    0x08002070       0x40 ..\obj\printf.o
                0x08002070                fputc
 .text.fputs    0x080020b0       0x48 ..\obj\printf.o
                0x080020b0                fputs
 .text.Tachy_Config
                0x080020f8       0x34 ..\obj\tachy.o
                0x080020f8                Tachy_Config
 .text.Tachy_to_RPM
                0x0800212c       0x40 ..\obj\tachy.o
                0x0800212c                Tachy_to_RPM
 .text.GPIO_Init
                0x0800216c      0x11c ..\obj\stm32f4xx_gpio.o
                0x0800216c                GPIO_Init
 .text.GPIO_ReadInputDataBit
                0x08002288       0x34 ..\obj\stm32f4xx_gpio.o
                0x08002288                GPIO_ReadInputDataBit
 .text.GPIO_ToggleBits
                0x080022bc       0x24 ..\obj\stm32f4xx_gpio.o
                0x080022bc                GPIO_ToggleBits
 .text.GPIO_PinAFConfig
                0x080022e0       0x90 ..\obj\stm32f4xx_gpio.o
                0x080022e0                GPIO_PinAFConfig
 .text.DMA_DeInit
                0x08002370      0x1a4 ..\obj\stm32f4xx_dma.o
                0x08002370                DMA_DeInit
 .text.DMA_Init
                0x08002514       0xac ..\obj\stm32f4xx_dma.o
                0x08002514                DMA_Init
 .text.DMA_StructInit
                0x080025c0       0x6c ..\obj\stm32f4xx_dma.o
                0x080025c0                DMA_StructInit
 .text.DMA_Cmd  0x0800262c       0x38 ..\obj\stm32f4xx_dma.o
                0x0800262c                DMA_Cmd
 .text.DMA_ITConfig
                0x08002664       0x74 ..\obj\stm32f4xx_dma.o
                0x08002664                DMA_ITConfig
 .text.DMA_GetITStatus
                0x080026d8       0xb0 ..\obj\stm32f4xx_dma.o
                0x080026d8                DMA_GetITStatus
 .text.DMA_ClearITPendingBit
                0x08002788       0x5c ..\obj\stm32f4xx_dma.o
                0x08002788                DMA_ClearITPendingBit
 .text.EXTI_Init
                0x080027e4       0xe4 ..\obj\stm32f4xx_exti.o
                0x080027e4                EXTI_Init
 .text.EXTI_GetITStatus
                0x080028c8       0x48 ..\obj\stm32f4xx_exti.o
                0x080028c8                EXTI_GetITStatus
 .text.EXTI_ClearITPendingBit
                0x08002910       0x1c ..\obj\stm32f4xx_exti.o
                0x08002910                EXTI_ClearITPendingBit
 .text.NVIC_Init
                0x0800292c       0xc0 ..\obj\misc.o
                0x0800292c                NVIC_Init
 .text.TIM_TimeBaseInit
                0x080029ec       0xd4 ..\obj\stm32f4xx_tim.o
                0x080029ec                TIM_TimeBaseInit
 .text.TIM_Cmd  0x08002ac0       0x40 ..\obj\stm32f4xx_tim.o
                0x08002ac0                TIM_Cmd
 .text.TIM_ITConfig
                0x08002b00       0x48 ..\obj\stm32f4xx_tim.o
                0x08002b00                TIM_ITConfig
 .text.TIM_GetITStatus
                0x08002b48       0x54 ..\obj\stm32f4xx_tim.o
                0x08002b48                TIM_GetITStatus
 .text.TIM_ClearITPendingBit
                0x08002b9c       0x20 ..\obj\stm32f4xx_tim.o
                0x08002b9c                TIM_ClearITPendingBit
 .text.TIM_SelectOutputTrigger
                0x08002bbc       0x38 ..\obj\stm32f4xx_tim.o
                0x08002bbc                TIM_SelectOutputTrigger
 .text.USART3_Config
                0x08002bf4      0x140 ..\obj\usart.o
                0x08002bf4                USART3_Config
 .text          0x08002d34      0x370 c:/program files (x86)/gnu tools arm embedded/4.9 2015q3/bin/../lib/gcc/arm-none-eabi/4.9.3/armv7e-m/fpu\libgcc.a(_arm_addsubdf3.o)
                0x08002d34                __aeabi_drsub
                0x08002d3c                __aeabi_dsub
                0x08002d3c                __subdf3
                0x08002d40                __aeabi_dadd
                0x08002d40                __adddf3
                0x08002fb8                __floatunsidf
                0x08002fb8                __aeabi_ui2d
                0x08002fd8                __floatsidf
                0x08002fd8                __aeabi_i2d
                0x08002ffc                __aeabi_f2d
                0x08002ffc                __extendsfdf2
                0x08003038                __floatundidf
                0x08003038                __aeabi_ul2d
                0x08003048                __floatdidf
                0x08003048                __aeabi_l2d
 .text          0x080030a4      0x424 c:/program files (x86)/gnu tools arm embedded/4.9 2015q3/bin/../lib/gcc/arm-none-eabi/4.9.3/armv7e-m/fpu\libgcc.a(_arm_muldivdf3.o)
                0x080030a4                __aeabi_dmul
                0x080030a4                __muldf3
                0x080032f8                __divdf3
                0x080032f8                __aeabi_ddiv
 .text          0x080034c8       0x40 c:/program files (x86)/gnu tools arm embedded/4.9 2015q3/bin/../lib/gcc/arm-none-eabi/4.9.3/armv7e-m/fpu\libgcc.a(_arm_fixunsdfsi.o)
                0x080034c8                __aeabi_d2uiz
                0x080034c8                __fixunsdfsi
 *(.init)
 *(.fini)
 *crtbegin.o(.ctors)
 *crtbegin?.o(.ctors)
 *(EXCLUDE_FILE(*crtend.o *crtend?.o) .ctors)
 *(SORT(.ctors.*))
 *(.ctors)
 *crtbegin.o(.dtors)
 *crtbegin?.o(.dtors)
 *(EXCLUDE_FILE(*crtend.o *crtend?.o) .dtors)
 *(SORT(.dtors.*))
 *(.dtors)
 *(.rodata*)
 .rodata        0x08003508      0x20d ..\obj\main.o
 *fill*         0x08003715        0x3 
 .rodata        0x08003718       0x24 ..\obj\printf.o
 *(.eh_fram e*)

.glue_7         0x0800373c        0x0
 .glue_7        0x00000000        0x0 linker stubs

.glue_7t        0x0800373c        0x0
 .glue_7t       0x00000000        0x0 linker stubs

.vfp11_veneer   0x0800373c        0x0
 .vfp11_veneer  0x00000000        0x0 linker stubs

.v4_bx          0x0800373c        0x0
 .v4_bx         0x00000000        0x0 linker stubs

.iplt           0x0800373c        0x0
 .iplt          0x00000000        0x0 ..\obj\encodeur.o

.rel.dyn        0x0800373c        0x0
 .rel.iplt      0x00000000        0x0 ..\obj\encodeur.o

.ARM.extab
 *(.ARM.extab* .gnu.linkonce.armextab.*)
                0x0800373c                __exidx_start = .

.ARM.exidx
 *(.ARM.exidx* .gnu.linkonce.armexidx.*)
                0x0800373c                __exidx_end = .
                0x0800373c                __etext = .
                0x0800373c                _sidata = __etext

.data           0x20000000      0x450 load address 0x0800373c
                0x20000000                __data_start__ = .
                0x20000000                _sdata = __data_start__
 *(vtable)
 *(.data*)
 .data          0x20000000       0x10 ..\obj\stm32f4xx_rcc.o
 .data          0x20000010      0x42c ..\obj\printf.o
                0x20000010                r
                0x20000438                _impure_ptr
 .data          0x2000043c       0x14 ..\obj\system_stm32f4xx.o
                0x2000043c                SystemCoreClock
                0x20000440                AHBPrescTable
                0x20000450                . = ALIGN (0x4)
                0x20000450                PROVIDE (__preinit_array_start, .)
 *(.preinit_array)
                0x20000450                PROVIDE (__preinit_array_end, .)
                0x20000450                . = ALIGN (0x4)
                0x20000450                PROVIDE (__init_array_start, .)
 *(SORT(.init_array.*))
 *(.init_array)
                0x20000450                PROVIDE (__init_array_end, .)
                0x20000450                . = ALIGN (0x4)
                0x20000450                PROVIDE (__fini_array_start, .)
 *(SORT(.fini_array.*))
 *(.fini_array)
                0x20000450                PROVIDE (__fini_array_end, .)
 *(.jcr*)
                0x20000450                . = ALIGN (0x4)
                0x20000450                __data_end__ = .
                0x20000450                _edata = __data_end__

.igot.plt       0x20000450        0x0 load address 0x08003b8c
 .igot.plt      0x00000000        0x0 ..\obj\encodeur.o

.bss            0x20000450       0x48 load address 0x08003b8c
                0x20000450                . = ALIGN (0x4)
                0x20000450                __bss_start__ = .
                0x20000450                _sbss = __bss_start__
 *(.bss*)
 .bss           0x20000450        0x4 ..\obj\delay.o
 .bss           0x20000454       0x3c ..\obj\main.o
 *(COMMON)
 COMMON         0x20000490        0x8 ..\obj\main.o
                0x20000490                t_adc_buffer
                0x20000494                t_DAC_BUFFER
                0x20000498                . = ALIGN (0x4)
                0x20000498                __bss_end__ = .
                0x20000498                _ebss = __bss_end__

.heap           0x20000498        0x0
                0x20000498                __end__ = .
                0x20000498                _end = __end__
                0x20000498                end = __end__
 *(.heap*)
                0x20000498                __HeapLimit = .

.co_stack       0x20000498      0x800 load address 0x08003bd4
                0x20000498                . = ALIGN (0x8)
 *(.co_stack .co_stack.*)
 .co_stack      0x20000498      0x800 ..\obj\startup_stm32f4xx.o
                0x20000498                pulStack
                0x20020000                __StackTop = (ORIGIN (ram) + 0x20000)
                0x2001f800                __StackLimit = (__StackTop - SIZEOF (.co_stack))
                0x20020000                PROVIDE (__stack, __StackTop)
                0x00000001                ASSERT ((__StackLimit >= __HeapLimit), region ram  overflowed with stack)
LOAD ..\obj\encodeur.o
LOAD ..\obj\stm32f4xx_syscfg.o
LOAD ..\obj\delay.o
LOAD ..\obj\stm32f4xx_usart.o
LOAD ..\obj\DAC.o
LOAD ..\obj\stm32f4xx_dac.o
LOAD ..\obj\startup_stm32f4xx.o
LOAD ..\obj\main.o
LOAD ..\obj\stm32f4xx_rcc.o
LOAD ..\obj\board.o
LOAD ..\obj\ADC.o
LOAD ..\obj\stm32f4xx_adc.o
LOAD ..\obj\printf.o
LOAD ..\obj\tachy.o
LOAD ..\obj\stm32f4xx_gpio.o
LOAD ..\obj\system_stm32f4xx.o
LOAD ..\obj\stm32f4xx_dma.o
LOAD ..\obj\asservissement.o
LOAD ..\obj\stm32f4xx_exti.o
LOAD ..\obj\misc.o
LOAD ..\obj\stm32f4xx_tim.o
LOAD ..\obj\usart.o
START GROUP
LOAD c:/program files (x86)/gnu tools arm embedded/4.9 2015q3/bin/../lib/gcc/arm-none-eabi/4.9.3/armv7e-m/fpu\libgcc.a
LOAD c:/program files (x86)/gnu tools arm embedded/4.9 2015q3/bin/../lib/gcc/arm-none-eabi/4.9.3/../../../../arm-none-eabi/lib/armv7e-m/fpu\libg.a
LOAD c:/program files (x86)/gnu tools arm embedded/4.9 2015q3/bin/../lib/gcc/arm-none-eabi/4.9.3/../../../../arm-none-eabi/lib/armv7e-m/fpu\libc.a
END GROUP
OUTPUT(projet_autom.elf elf32-littlearm)

.debug_info     0x00000000     0xa401
 .debug_info    0x00000000      0x5e8 ..\obj\encodeur.o
 .debug_info    0x000005e8      0x26c ..\obj\stm32f4xx_syscfg.o
 .debug_info    0x00000854      0x70f ..\obj\delay.o
 .debug_info    0x00000f63      0x9c2 ..\obj\stm32f4xx_usart.o
 .debug_info    0x00001925      0x63a ..\obj\stm32f4xx_dac.o
 .debug_info    0x00001f5f       0xed ..\obj\startup_stm32f4xx.o
 .debug_info    0x0000204c     0x1306 ..\obj\main.o
 .debug_info    0x00003352      0xc4d ..\obj\stm32f4xx_rcc.o
 .debug_info    0x00003f9f      0x60c ..\obj\board.o
 .debug_info    0x000045ab      0xc38 ..\obj\stm32f4xx_adc.o
 .debug_info    0x000051e3      0xf71 ..\obj\printf.o
 .debug_info    0x00006154      0x322 ..\obj\tachy.o
 .debug_info    0x00006476      0x602 ..\obj\stm32f4xx_gpio.o
 .debug_info    0x00006a78      0x592 ..\obj\system_stm32f4xx.o
 .debug_info    0x0000700a      0x739 ..\obj\stm32f4xx_dma.o
 .debug_info    0x00007743      0x347 ..\obj\stm32f4xx_exti.o
 .debug_info    0x00007a8a      0x53d ..\obj\misc.o
 .debug_info    0x00007fc7     0x1c61 ..\obj\stm32f4xx_tim.o
 .debug_info    0x00009c28      0x7d9 ..\obj\usart.o

.debug_abbrev   0x00000000     0x1c0b
 .debug_abbrev  0x00000000      0x10e ..\obj\encodeur.o
 .debug_abbrev  0x0000010e      0x131 ..\obj\stm32f4xx_syscfg.o
 .debug_abbrev  0x0000023f      0x1be ..\obj\delay.o
 .debug_abbrev  0x000003fd      0x155 ..\obj\stm32f4xx_usart.o
 .debug_abbrev  0x00000552      0x17c ..\obj\stm32f4xx_dac.o
 .debug_abbrev  0x000006ce       0xb0 ..\obj\startup_stm32f4xx.o
 .debug_abbrev  0x0000077e      0x245 ..\obj\main.o
 .debug_abbrev  0x000009c3      0x1e3 ..\obj\stm32f4xx_rcc.o
 .debug_abbrev  0x00000ba6      0x10e ..\obj\board.o
 .debug_abbrev  0x00000cb4      0x196 ..\obj\stm32f4xx_adc.o
 .debug_abbrev  0x00000e4a      0x2c4 ..\obj\printf.o
 .debug_abbrev  0x0000110e      0x138 ..\obj\tachy.o
 .debug_abbrev  0x00001246      0x1a3 ..\obj\stm32f4xx_gpio.o
 .debug_abbrev  0x000013e9      0x136 ..\obj\system_stm32f4xx.o
 .debug_abbrev  0x0000151f      0x155 ..\obj\stm32f4xx_dma.o
 .debug_abbrev  0x00001674      0x1a5 ..\obj\stm32f4xx_exti.o
 .debug_abbrev  0x00001819      0x145 ..\obj\misc.o
 .debug_abbrev  0x0000195e      0x187 ..\obj\stm32f4xx_tim.o
 .debug_abbrev  0x00001ae5      0x126 ..\obj\usart.o

.debug_aranges  0x00000000      0xc20
 .debug_aranges
                0x00000000       0x20 ..\obj\encodeur.o
 .debug_aranges
                0x00000020       0x48 ..\obj\stm32f4xx_syscfg.o
 .debug_aranges
                0x00000068       0x50 ..\obj\delay.o
 .debug_aranges
                0x000000b8      0x100 ..\obj\stm32f4xx_usart.o
 .debug_aranges
                0x000001b8       0xa0 ..\obj\stm32f4xx_dac.o
 .debug_aranges
                0x00000258       0x28 ..\obj\startup_stm32f4xx.o
 .debug_aranges
                0x00000280       0xd8 ..\obj\main.o
 .debug_aranges
                0x00000358      0x178 ..\obj\stm32f4xx_rcc.o
 .debug_aranges
                0x000004d0       0x28 ..\obj\board.o
 .debug_aranges
                0x000004f8      0x148 ..\obj\stm32f4xx_adc.o
 .debug_aranges
                0x00000640       0xa0 ..\obj\printf.o
 .debug_aranges
                0x000006e0       0x28 ..\obj\tachy.o
 .debug_aranges
                0x00000708       0x88 ..\obj\stm32f4xx_gpio.o
 .debug_aranges
                0x00000790       0x30 ..\obj\system_stm32f4xx.o
 .debug_aranges
                0x000007c0       0xb0 ..\obj\stm32f4xx_dma.o
 .debug_aranges
                0x00000870       0x58 ..\obj\stm32f4xx_exti.o
 .debug_aranges
                0x000008c8       0x40 ..\obj\misc.o
 .debug_aranges
                0x00000908      0x2f8 ..\obj\stm32f4xx_tim.o
 .debug_aranges
                0x00000c00       0x20 ..\obj\usart.o

.debug_ranges   0x00000000      0xaf0
 .debug_ranges  0x00000000       0x10 ..\obj\encodeur.o
 .debug_ranges  0x00000010       0x38 ..\obj\stm32f4xx_syscfg.o
 .debug_ranges  0x00000048       0x40 ..\obj\delay.o
 .debug_ranges  0x00000088       0xf0 ..\obj\stm32f4xx_usart.o
 .debug_ranges  0x00000178       0x90 ..\obj\stm32f4xx_dac.o
 .debug_ranges  0x00000208       0x18 ..\obj\startup_stm32f4xx.o
 .debug_ranges  0x00000220       0xc8 ..\obj\main.o
 .debug_ranges  0x000002e8      0x168 ..\obj\stm32f4xx_rcc.o
 .debug_ranges  0x00000450       0x18 ..\obj\board.o
 .debug_ranges  0x00000468      0x138 ..\obj\stm32f4xx_adc.o
 .debug_ranges  0x000005a0       0x90 ..\obj\printf.o
 .debug_ranges  0x00000630       0x18 ..\obj\tachy.o
 .debug_ranges  0x00000648       0x78 ..\obj\stm32f4xx_gpio.o
 .debug_ranges  0x000006c0       0x20 ..\obj\system_stm32f4xx.o
 .debug_ranges  0x000006e0       0xa0 ..\obj\stm32f4xx_dma.o
 .debug_ranges  0x00000780       0x48 ..\obj\stm32f4xx_exti.o
 .debug_ranges  0x000007c8       0x30 ..\obj\misc.o
 .debug_ranges  0x000007f8      0x2e8 ..\obj\stm32f4xx_tim.o
 .debug_ranges  0x00000ae0       0x10 ..\obj\usart.o

.debug_line     0x00000000     0x4390
 .debug_line    0x00000000      0x22a ..\obj\encodeur.o
 .debug_line    0x0000022a      0x228 ..\obj\stm32f4xx_syscfg.o
 .debug_line    0x00000452      0x25f ..\obj\delay.o
 .debug_line    0x000006b1      0x4b2 ..\obj\stm32f4xx_usart.o
 .debug_line    0x00000b63      0x368 ..\obj\stm32f4xx_dac.o
 .debug_line    0x00000ecb       0xa1 ..\obj\startup_stm32f4xx.o
 .debug_line    0x00000f6c      0x53a ..\obj\main.o
 .debug_line    0x000014a6      0x5b1 ..\obj\stm32f4xx_rcc.o
 .debug_line    0x00001a57      0x23c ..\obj\board.o
 .debug_line    0x00001c93      0x562 ..\obj\stm32f4xx_adc.o
 .debug_line    0x000021f5      0x474 ..\obj\printf.o
 .debug_line    0x00002669      0x214 ..\obj\tachy.o
 .debug_line    0x0000287d      0x353 ..\obj\stm32f4xx_gpio.o
 .debug_line    0x00002bd0      0x201 ..\obj\system_stm32f4xx.o
 .debug_line    0x00002dd1      0x3ec ..\obj\stm32f4xx_dma.o
 .debug_line    0x000031bd      0x2b5 ..\obj\stm32f4xx_exti.o
 .debug_line    0x00003472      0x255 ..\obj\misc.o
 .debug_line    0x000036c7      0xa7a ..\obj\stm32f4xx_tim.o
 .debug_line    0x00004141      0x24f ..\obj\usart.o

.debug_str      0x00000000     0x3e9d
 .debug_str     0x00000000      0x989 ..\obj\encodeur.o
                                0x9e4 (size before relaxing)
 .debug_str     0x00000989      0x175 ..\obj\stm32f4xx_syscfg.o
                                0x316 (size before relaxing)
 .debug_str     0x00000afe      0x196 ..\obj\delay.o
                                0x812 (size before relaxing)
 .debug_str     0x00000c94      0x4a3 ..\obj\stm32f4xx_usart.o
                                0x6b1 (size before relaxing)
 .debug_str     0x00001137      0x29a ..\obj\stm32f4xx_dac.o
                                0x475 (size before relaxing)
 .debug_str     0x000013d1       0xaf ..\obj\startup_stm32f4xx.o
                                0x169 (size before relaxing)
 .debug_str     0x00001480      0x83b ..\obj\main.o
                               0x11e5 (size before relaxing)
 .debug_str     0x00001cbb      0x5dc ..\obj\stm32f4xx_rcc.o
                                0x872 (size before relaxing)
 .debug_str     0x00002297       0x4c ..\obj\board.o
                                0x9ee (size before relaxing)
 .debug_str     0x000022e3      0x4ca ..\obj\stm32f4xx_adc.o
                                0x826 (size before relaxing)
 .debug_str     0x000027ad      0x50f ..\obj\printf.o
                                0x730 (size before relaxing)
 .debug_str     0x00002cbc       0x64 ..\obj\tachy.o
                                0x3ad (size before relaxing)
 .debug_str     0x00002d20      0x18a ..\obj\stm32f4xx_gpio.o
                                0x4c5 (size before relaxing)
 .debug_str     0x00002eaa       0xb3 ..\obj\system_stm32f4xx.o
                                0x3cc (size before relaxing)
 .debug_str     0x00002f5d      0x260 ..\obj\stm32f4xx_dma.o
                                0x564 (size before relaxing)
 .debug_str     0x000031bd       0xff ..\obj\stm32f4xx_exti.o
                                0x37b (size before relaxing)
 .debug_str     0x000032bc      0x10b ..\obj\misc.o
                                0x3f0 (size before relaxing)
 .debug_str     0x000033c7      0xa85 ..\obj\stm32f4xx_tim.o
                                0xdf2 (size before relaxing)
 .debug_str     0x00003e4c       0x51 ..\obj\usart.o
                                0xb1e (size before relaxing)

.comment        0x00000000       0x70
 .comment       0x00000000       0x70 ..\obj\encodeur.o
                                 0x71 (size before relaxing)
 .comment       0x00000000       0x71 ..\obj\stm32f4xx_syscfg.o
 .comment       0x00000000       0x71 ..\obj\delay.o
 .comment       0x00000000       0x71 ..\obj\stm32f4xx_usart.o
 .comment       0x00000000       0x71 ..\obj\stm32f4xx_dac.o
 .comment       0x00000000       0x71 ..\obj\startup_stm32f4xx.o
 .comment       0x00000000       0x71 ..\obj\main.o
 .comment       0x00000000       0x71 ..\obj\stm32f4xx_rcc.o
 .comment       0x00000000       0x71 ..\obj\board.o
 .comment       0x00000000       0x71 ..\obj\stm32f4xx_adc.o
 .comment       0x00000000       0x71 ..\obj\printf.o
 .comment       0x00000000       0x71 ..\obj\tachy.o
 .comment       0x00000000       0x71 ..\obj\stm32f4xx_gpio.o
 .comment       0x00000000       0x71 ..\obj\system_stm32f4xx.o
 .comment       0x00000000       0x71 ..\obj\stm32f4xx_dma.o
 .comment       0x00000000       0x71 ..\obj\stm32f4xx_exti.o
 .comment       0x00000000       0x71 ..\obj\misc.o
 .comment       0x00000000       0x71 ..\obj\stm32f4xx_tim.o
 .comment       0x00000000       0x71 ..\obj\usart.o

.ARM.attributes
                0x00000000       0x39
 .ARM.attributes
                0x00000000       0x39 ..\obj\encodeur.o
 .ARM.attributes
                0x00000039       0x39 ..\obj\stm32f4xx_syscfg.o
 .ARM.attributes
                0x00000072       0x39 ..\obj\delay.o
 .ARM.attributes
                0x000000ab       0x39 ..\obj\stm32f4xx_usart.o
 .ARM.attributes
                0x000000e4       0x39 ..\obj\stm32f4xx_dac.o
 .ARM.attributes
                0x0000011d       0x39 ..\obj\startup_stm32f4xx.o
 .ARM.attributes
                0x00000156       0x39 ..\obj\main.o
 .ARM.attributes
                0x0000018f       0x39 ..\obj\stm32f4xx_rcc.o
 .ARM.attributes
                0x000001c8       0x39 ..\obj\board.o
 .ARM.attributes
                0x00000201       0x39 ..\obj\stm32f4xx_adc.o
 .ARM.attributes
                0x0000023a       0x39 ..\obj\printf.o
 .ARM.attributes
                0x00000273       0x39 ..\obj\tachy.o
 .ARM.attributes
                0x000002ac       0x39 ..\obj\stm32f4xx_gpio.o
 .ARM.attributes
                0x000002e5       0x39 ..\obj\system_stm32f4xx.o
 .ARM.attributes
                0x0000031e       0x39 ..\obj\stm32f4xx_dma.o
 .ARM.attributes
                0x00000357       0x39 ..\obj\stm32f4xx_exti.o
 .ARM.attributes
                0x00000390       0x39 ..\obj\misc.o
 .ARM.attributes
                0x000003c9       0x39 ..\obj\stm32f4xx_tim.o
 .ARM.attributes
                0x00000402       0x39 ..\obj\usart.o
 .ARM.attributes
                0x0000043b       0x22 c:/program files (x86)/gnu tools arm embedded/4.9 2015q3/bin/../lib/gcc/arm-none-eabi/4.9.3/armv7e-m/fpu\libgcc.a(_arm_addsubdf3.o)
 .ARM.attributes
                0x0000045d       0x22 c:/program files (x86)/gnu tools arm embedded/4.9 2015q3/bin/../lib/gcc/arm-none-eabi/4.9.3/armv7e-m/fpu\libgcc.a(_arm_muldivdf3.o)
 .ARM.attributes
                0x0000047f       0x22 c:/program files (x86)/gnu tools arm embedded/4.9 2015q3/bin/../lib/gcc/arm-none-eabi/4.9.3/armv7e-m/fpu\libgcc.a(_arm_fixunsdfsi.o)

.debug_frame    0x00000000     0x33bc
 .debug_frame   0x00000000       0x34 ..\obj\encodeur.o
 .debug_frame   0x00000034       0xf4 ..\obj\stm32f4xx_syscfg.o
 .debug_frame   0x00000128      0x104 ..\obj\delay.o
 .debug_frame   0x0000022c      0x490 ..\obj\stm32f4xx_usart.o
 .debug_frame   0x000006bc      0x2ac ..\obj\stm32f4xx_dac.o
 .debug_frame   0x00000968       0x4c ..\obj\startup_stm32f4xx.o
 .debug_frame   0x000009b4      0x350 ..\obj\main.o
 .debug_frame   0x00000d04      0x6d4 ..\obj\stm32f4xx_rcc.o
 .debug_frame   0x000013d8       0x58 ..\obj\board.o
 .debug_frame   0x00001430      0x5ec ..\obj\stm32f4xx_adc.o
 .debug_frame   0x00001a1c      0x2dc ..\obj\printf.o
 .debug_frame   0x00001cf8       0x5c ..\obj\tachy.o
 .debug_frame   0x00001d54      0x23c ..\obj\stm32f4xx_gpio.o
 .debug_frame   0x00001f90       0x7c ..\obj\system_stm32f4xx.o
 .debug_frame   0x0000200c      0x308 ..\obj\stm32f4xx_dma.o
 .debug_frame   0x00002314      0x148 ..\obj\stm32f4xx_exti.o
 .debug_frame   0x0000245c       0xd8 ..\obj\misc.o
 .debug_frame   0x00002534      0xe54 ..\obj\stm32f4xx_tim.o
 .debug_frame   0x00003388       0x34 ..\obj\usart.o
