Archive member included because of file (symbol)

c:/program files (x86)/gnu tools arm embedded/4.9 2015q3/bin/../lib/gcc/arm-none-eabi/4.9.3/armv7e-m\libgcc.a(_arm_addsubsf3.o)
                              ..\obj\main.o (__aeabi_i2f)
c:/program files (x86)/gnu tools arm embedded/4.9 2015q3/bin/../lib/gcc/arm-none-eabi/4.9.3/armv7e-m\libgcc.a(_arm_muldivsf3.o)
                              ..\obj\main.o (__aeabi_fdiv)
c:/program files (x86)/gnu tools arm embedded/4.9 2015q3/bin/../lib/gcc/arm-none-eabi/4.9.3/armv7e-m\libgcc.a(_arm_fixunssfsi.o)
                              ..\obj\main.o (__aeabi_f2uiz)

Discarded input sections

 .text          0x00000000        0x0 ..\obj\delay.o
 .data          0x00000000        0x0 ..\obj\delay.o
 .text.delay_nus
                0x00000000       0x28 ..\obj\delay.o
 .text          0x00000000        0x0 ..\obj\stm32f4xx_usart.o
 .data          0x00000000        0x0 ..\obj\stm32f4xx_usart.o
 .bss           0x00000000        0x0 ..\obj\stm32f4xx_usart.o
 .text.USART_DeInit
                0x00000000       0xd0 ..\obj\stm32f4xx_usart.o
 .text.USART_Init
                0x00000000      0x178 ..\obj\stm32f4xx_usart.o
 .text.USART_StructInit
                0x00000000       0x38 ..\obj\stm32f4xx_usart.o
 .text.USART_ClockInit
                0x00000000       0x54 ..\obj\stm32f4xx_usart.o
 .text.USART_ClockStructInit
                0x00000000       0x2c ..\obj\stm32f4xx_usart.o
 .text.USART_Cmd
                0x00000000       0x40 ..\obj\stm32f4xx_usart.o
 .text.USART_SetPrescaler
                0x00000000       0x38 ..\obj\stm32f4xx_usart.o
 .text.USART_OverSampling8Cmd
                0x00000000       0x44 ..\obj\stm32f4xx_usart.o
 .text.USART_OneBitMethodCmd
                0x00000000       0x40 ..\obj\stm32f4xx_usart.o
 .text.USART_SendData
                0x00000000       0x24 ..\obj\stm32f4xx_usart.o
 .text.USART_ReceiveData
                0x00000000       0x20 ..\obj\stm32f4xx_usart.o
 .text.USART_SetAddress
                0x00000000       0x38 ..\obj\stm32f4xx_usart.o
 .text.USART_ReceiverWakeUpCmd
                0x00000000       0x40 ..\obj\stm32f4xx_usart.o
 .text.USART_WakeUpConfig
                0x00000000       0x38 ..\obj\stm32f4xx_usart.o
 .text.USART_LINBreakDetectLengthConfig
                0x00000000       0x38 ..\obj\stm32f4xx_usart.o
 .text.USART_LINCmd
                0x00000000       0x40 ..\obj\stm32f4xx_usart.o
 .text.USART_SendBreak
                0x00000000       0x24 ..\obj\stm32f4xx_usart.o
 .text.USART_HalfDuplexCmd
                0x00000000       0x40 ..\obj\stm32f4xx_usart.o
 .text.USART_SetGuardTime
                0x00000000       0x3c ..\obj\stm32f4xx_usart.o
 .text.USART_SmartCardCmd
                0x00000000       0x40 ..\obj\stm32f4xx_usart.o
 .text.USART_SmartCardNACKCmd
                0x00000000       0x40 ..\obj\stm32f4xx_usart.o
 .text.USART_IrDAConfig
                0x00000000       0x38 ..\obj\stm32f4xx_usart.o
 .text.USART_IrDACmd
                0x00000000       0x40 ..\obj\stm32f4xx_usart.o
 .text.USART_DMACmd
                0x00000000       0x48 ..\obj\stm32f4xx_usart.o
 .text.USART_ITConfig
                0x00000000       0x90 ..\obj\stm32f4xx_usart.o
 .text.USART_GetFlagStatus
                0x00000000       0x38 ..\obj\stm32f4xx_usart.o
 .text.USART_ClearFlag
                0x00000000       0x20 ..\obj\stm32f4xx_usart.o
 .text.USART_GetITStatus
                0x00000000       0xb8 ..\obj\stm32f4xx_usart.o
 .text.USART_ClearITPendingBit
                0x00000000       0x38 ..\obj\stm32f4xx_usart.o
 .debug_info    0x00000000      0x9c2 ..\obj\stm32f4xx_usart.o
 .debug_abbrev  0x00000000      0x155 ..\obj\stm32f4xx_usart.o
 .debug_aranges
                0x00000000      0x100 ..\obj\stm32f4xx_usart.o
 .debug_ranges  0x00000000       0xf0 ..\obj\stm32f4xx_usart.o
 .debug_line    0x00000000      0x4b2 ..\obj\stm32f4xx_usart.o
 .debug_str     0x00000000      0x68e ..\obj\stm32f4xx_usart.o
 .comment       0x00000000       0x71 ..\obj\stm32f4xx_usart.o
 .debug_frame   0x00000000      0x490 ..\obj\stm32f4xx_usart.o
 .ARM.attributes
                0x00000000       0x33 ..\obj\stm32f4xx_usart.o
 .text          0x00000000        0x0 ..\obj\stm32f4xx_dac.o
 .data          0x00000000        0x0 ..\obj\stm32f4xx_dac.o
 .bss           0x00000000        0x0 ..\obj\stm32f4xx_dac.o
 .text.DAC_StructInit
                0x00000000       0x2c ..\obj\stm32f4xx_dac.o
 .text.DAC_DualSoftwareTriggerCmd
                0x00000000       0x38 ..\obj\stm32f4xx_dac.o
 .text.DAC_WaveGenerationCmd
                0x00000000       0x4c ..\obj\stm32f4xx_dac.o
 .text.DAC_SetDualChannelData
                0x00000000       0x58 ..\obj\stm32f4xx_dac.o
 .text.DAC_GetDataOutputValue
                0x00000000       0x34 ..\obj\stm32f4xx_dac.o
 .text.DAC_DMACmd
                0x00000000       0x4c ..\obj\stm32f4xx_dac.o
 .text.DAC_ITConfig
                0x00000000       0x4c ..\obj\stm32f4xx_dac.o
 .text.DAC_GetFlagStatus
                0x00000000       0x3c ..\obj\stm32f4xx_dac.o
 .text.DAC_ClearFlag
                0x00000000       0x24 ..\obj\stm32f4xx_dac.o
 .text.DAC_GetITStatus
                0x00000000       0x58 ..\obj\stm32f4xx_dac.o
 .text.DAC_ClearITPendingBit
                0x00000000       0x24 ..\obj\stm32f4xx_dac.o
 .text          0x00000000        0x0 ..\obj\startup_stm32f4xx.o
 .data          0x00000000        0x0 ..\obj\startup_stm32f4xx.o
 .bss           0x00000000        0x0 ..\obj\startup_stm32f4xx.o
 .text          0x00000000        0x0 ..\obj\main.o
 .data          0x00000000        0x0 ..\obj\main.o
 .rodata        0x00000000        0x8 ..\obj\main.o
 .text          0x00000000        0x0 ..\obj\stm32f4xx_rcc.o
 .data          0x00000000       0x10 ..\obj\stm32f4xx_rcc.o
 .bss           0x00000000        0x0 ..\obj\stm32f4xx_rcc.o
 .text.RCC_DeInit
                0x00000000       0x50 ..\obj\stm32f4xx_rcc.o
 .text.RCC_HSEConfig
                0x00000000       0x24 ..\obj\stm32f4xx_rcc.o
 .text.RCC_WaitForHSEStartUp
                0x00000000       0x50 ..\obj\stm32f4xx_rcc.o
 .text.RCC_AdjustHSICalibrationValue
                0x00000000       0x3c ..\obj\stm32f4xx_rcc.o
 .text.RCC_HSICmd
                0x00000000       0x20 ..\obj\stm32f4xx_rcc.o
 .text.RCC_LSEConfig
                0x00000000       0x40 ..\obj\stm32f4xx_rcc.o
 .text.RCC_LSICmd
                0x00000000       0x20 ..\obj\stm32f4xx_rcc.o
 .text.RCC_PLLConfig
                0x00000000       0x3c ..\obj\stm32f4xx_rcc.o
 .text.RCC_PLLCmd
                0x00000000       0x20 ..\obj\stm32f4xx_rcc.o
 .text.RCC_PLLI2SConfig
                0x00000000       0x28 ..\obj\stm32f4xx_rcc.o
 .text.RCC_PLLI2SCmd
                0x00000000       0x20 ..\obj\stm32f4xx_rcc.o
 .text.RCC_ClockSecuritySystemCmd
                0x00000000       0x20 ..\obj\stm32f4xx_rcc.o
 .text.RCC_MCO1Config
                0x00000000       0x3c ..\obj\stm32f4xx_rcc.o
 .text.RCC_MCO2Config
                0x00000000       0x3c ..\obj\stm32f4xx_rcc.o
 .text.RCC_SYSCLKConfig
                0x00000000       0x38 ..\obj\stm32f4xx_rcc.o
 .text.RCC_GetSYSCLKSource
                0x00000000       0x20 ..\obj\stm32f4xx_rcc.o
 .text.RCC_HCLKConfig
                0x00000000       0x38 ..\obj\stm32f4xx_rcc.o
 .text.RCC_PCLK1Config
                0x00000000       0x38 ..\obj\stm32f4xx_rcc.o
 .text.RCC_PCLK2Config
                0x00000000       0x38 ..\obj\stm32f4xx_rcc.o
 .text.RCC_GetClocksFreq
                0x00000000      0x154 ..\obj\stm32f4xx_rcc.o
 .text.RCC_RTCCLKConfig
                0x00000000       0x5c ..\obj\stm32f4xx_rcc.o
 .text.RCC_RTCCLKCmd
                0x00000000       0x20 ..\obj\stm32f4xx_rcc.o
 .text.RCC_BackupResetCmd
                0x00000000       0x20 ..\obj\stm32f4xx_rcc.o
 .text.RCC_I2SCLKConfig
                0x00000000       0x1c ..\obj\stm32f4xx_rcc.o
 .text.RCC_AHB2PeriphClockCmd
                0x00000000       0x3c ..\obj\stm32f4xx_rcc.o
 .text.RCC_AHB3PeriphClockCmd
                0x00000000       0x3c ..\obj\stm32f4xx_rcc.o
 .text.RCC_AHB1PeriphResetCmd
                0x00000000       0x3c ..\obj\stm32f4xx_rcc.o
 .text.RCC_AHB2PeriphResetCmd
                0x00000000       0x3c ..\obj\stm32f4xx_rcc.o
 .text.RCC_AHB3PeriphResetCmd
                0x00000000       0x3c ..\obj\stm32f4xx_rcc.o
 .text.RCC_AHB1PeriphClockLPModeCmd
                0x00000000       0x3c ..\obj\stm32f4xx_rcc.o
 .text.RCC_AHB2PeriphClockLPModeCmd
                0x00000000       0x3c ..\obj\stm32f4xx_rcc.o
 .text.RCC_AHB3PeriphClockLPModeCmd
                0x00000000       0x3c ..\obj\stm32f4xx_rcc.o
 .text.RCC_APB1PeriphClockLPModeCmd
                0x00000000       0x3c ..\obj\stm32f4xx_rcc.o
 .text.RCC_APB2PeriphClockLPModeCmd
                0x00000000       0x3c ..\obj\stm32f4xx_rcc.o
 .text.RCC_ITConfig
                0x00000000       0x4c ..\obj\stm32f4xx_rcc.o
 .text.RCC_GetFlagStatus
                0x00000000       0x74 ..\obj\stm32f4xx_rcc.o
 .text.RCC_ClearFlag
                0x00000000       0x1c ..\obj\stm32f4xx_rcc.o
 .text.RCC_GetITStatus
                0x00000000       0x38 ..\obj\stm32f4xx_rcc.o
 .text.RCC_ClearITPendingBit
                0x00000000       0x20 ..\obj\stm32f4xx_rcc.o
 .text          0x00000000        0x0 ..\obj\stm32f4xx_adc.o
 .data          0x00000000        0x0 ..\obj\stm32f4xx_adc.o
 .bss           0x00000000        0x0 ..\obj\stm32f4xx_adc.o
 .text.ADC_CommonInit
                0x00000000       0x50 ..\obj\stm32f4xx_adc.o
 .text.ADC_CommonStructInit
                0x00000000       0x2c ..\obj\stm32f4xx_adc.o
 .text.ADC_AnalogWatchdogCmd
                0x00000000       0x38 ..\obj\stm32f4xx_adc.o
 .text.ADC_AnalogWatchdogThresholdsConfig
                0x00000000       0x28 ..\obj\stm32f4xx_adc.o
 .text.ADC_AnalogWatchdogSingleChannelConfig
                0x00000000       0x38 ..\obj\stm32f4xx_adc.o
 .text.ADC_TempSensorVrefintCmd
                0x00000000       0x38 ..\obj\stm32f4xx_adc.o
 .text.ADC_VBATCmd
                0x00000000       0x38 ..\obj\stm32f4xx_adc.o
 .text.ADC_GetSoftwareStartConvStatus
                0x00000000       0x30 ..\obj\stm32f4xx_adc.o
 .text.ADC_EOCOnEachRegularChannelCmd
                0x00000000       0x38 ..\obj\stm32f4xx_adc.o
 .text.ADC_ContinuousModeCmd
                0x00000000       0x38 ..\obj\stm32f4xx_adc.o
 .text.ADC_DiscModeChannelCountConfig
                0x00000000       0x44 ..\obj\stm32f4xx_adc.o
 .text.ADC_DiscModeCmd
                0x00000000       0x38 ..\obj\stm32f4xx_adc.o
 .text.ADC_GetMultiModeConversionValue
                0x00000000       0x18 ..\obj\stm32f4xx_adc.o
 .text.ADC_DMACmd
                0x00000000       0x38 ..\obj\stm32f4xx_adc.o
 .text.ADC_DMARequestAfterLastTransferCmd
                0x00000000       0x38 ..\obj\stm32f4xx_adc.o
 .text.ADC_MultiModeDMARequestAfterLastTransferCmd
                0x00000000       0x38 ..\obj\stm32f4xx_adc.o
 .text.ADC_InjectedChannelConfig
                0x00000000      0x120 ..\obj\stm32f4xx_adc.o
 .text.ADC_InjectedSequencerLengthConfig
                0x00000000       0x44 ..\obj\stm32f4xx_adc.o
 .text.ADC_SetInjectedOffset
                0x00000000       0x34 ..\obj\stm32f4xx_adc.o
 .text.ADC_ExternalTrigInjectedConvConfig
                0x00000000       0x34 ..\obj\stm32f4xx_adc.o
 .text.ADC_ExternalTrigInjectedConvEdgeConfig
                0x00000000       0x34 ..\obj\stm32f4xx_adc.o
 .text.ADC_SoftwareStartInjectedConv
                0x00000000       0x20 ..\obj\stm32f4xx_adc.o
 .text.ADC_GetSoftwareStartInjectedConvCmdStatus
                0x00000000       0x30 ..\obj\stm32f4xx_adc.o
 .text.ADC_AutoInjectedConvCmd
                0x00000000       0x38 ..\obj\stm32f4xx_adc.o
 .text.ADC_InjectedDiscModeCmd
                0x00000000       0x38 ..\obj\stm32f4xx_adc.o
 .text.ADC_GetInjectedConversionValue
                0x00000000       0x30 ..\obj\stm32f4xx_adc.o
 .text.ADC_ITConfig
                0x00000000       0x50 ..\obj\stm32f4xx_adc.o
 .text.ADC_GetITStatus
                0x00000000       0x5c ..\obj\stm32f4xx_adc.o
 .text.ADC_ClearITPendingBit
                0x00000000       0x2c ..\obj\stm32f4xx_adc.o
 .text          0x00000000        0x0 ..\obj\stm32f4xx_gpio.o
 .data          0x00000000        0x0 ..\obj\stm32f4xx_gpio.o
 .bss           0x00000000        0x0 ..\obj\stm32f4xx_gpio.o
 .text.GPIO_DeInit
                0x00000000      0x120 ..\obj\stm32f4xx_gpio.o
 .text.GPIO_StructInit
                0x00000000       0x34 ..\obj\stm32f4xx_gpio.o
 .text.GPIO_PinLockConfig
                0x00000000       0x44 ..\obj\stm32f4xx_gpio.o
 .text.GPIO_ReadInputDataBit
                0x00000000       0x34 ..\obj\stm32f4xx_gpio.o
 .text.GPIO_ReadInputData
                0x00000000       0x1c ..\obj\stm32f4xx_gpio.o
 .text.GPIO_ReadOutputDataBit
                0x00000000       0x34 ..\obj\stm32f4xx_gpio.o
 .text.GPIO_ReadOutputData
                0x00000000       0x1c ..\obj\stm32f4xx_gpio.o
 .text.GPIO_SetBits
                0x00000000       0x1c ..\obj\stm32f4xx_gpio.o
 .text.GPIO_ResetBits
                0x00000000       0x1c ..\obj\stm32f4xx_gpio.o
 .text.GPIO_WriteBit
                0x00000000       0x30 ..\obj\stm32f4xx_gpio.o
 .text.GPIO_Write
                0x00000000       0x1c ..\obj\stm32f4xx_gpio.o
 .text.GPIO_PinAFConfig
                0x00000000       0x90 ..\obj\stm32f4xx_gpio.o
 .text          0x00000000        0x0 ..\obj\system_stm32f4xx.o
 .bss           0x00000000        0x0 ..\obj\system_stm32f4xx.o
 .text.SystemInit
                0x00000000       0x58 ..\obj\system_stm32f4xx.o
 .text.SystemCoreClockUpdate
                0x00000000       0xf8 ..\obj\system_stm32f4xx.o
 .text.SetSysClock
                0x00000000       0xf4 ..\obj\system_stm32f4xx.o
 .text          0x00000000        0x0 ..\obj\stm32f4xx_tim.o
 .data          0x00000000        0x0 ..\obj\stm32f4xx_tim.o
 .bss           0x00000000        0x0 ..\obj\stm32f4xx_tim.o
 .text.TIM_DeInit
                0x00000000      0x1bc ..\obj\stm32f4xx_tim.o
 .text.TIM_TimeBaseInit
                0x00000000       0xd4 ..\obj\stm32f4xx_tim.o
 .text.TIM_TimeBaseStructInit
                0x00000000       0x34 ..\obj\stm32f4xx_tim.o
 .text.TIM_PrescalerConfig
                0x00000000       0x28 ..\obj\stm32f4xx_tim.o
 .text.TIM_CounterModeConfig
                0x00000000       0x38 ..\obj\stm32f4xx_tim.o
 .text.TIM_SetCounter
                0x00000000       0x1c ..\obj\stm32f4xx_tim.o
 .text.TIM_SetAutoreload
                0x00000000       0x1c ..\obj\stm32f4xx_tim.o
 .text.TIM_GetCounter
                0x00000000       0x18 ..\obj\stm32f4xx_tim.o
 .text.TIM_GetPrescaler
                0x00000000       0x1c ..\obj\stm32f4xx_tim.o
 .text.TIM_UpdateDisableConfig
                0x00000000       0x40 ..\obj\stm32f4xx_tim.o
 .text.TIM_UpdateRequestConfig
                0x00000000       0x40 ..\obj\stm32f4xx_tim.o
 .text.TIM_ARRPreloadConfig
                0x00000000       0x40 ..\obj\stm32f4xx_tim.o
 .text.TIM_SelectOnePulseMode
                0x00000000       0x38 ..\obj\stm32f4xx_tim.o
 .text.TIM_SetClockDivision
                0x00000000       0x38 ..\obj\stm32f4xx_tim.o
 .text.TIM_Cmd  0x00000000       0x40 ..\obj\stm32f4xx_tim.o
 .text.TIM_OC1Init
                0x00000000       0xf4 ..\obj\stm32f4xx_tim.o
 .text.TIM_OC2Init
                0x00000000      0x110 ..\obj\stm32f4xx_tim.o
 .text.TIM_OC3Init
                0x00000000      0x10c ..\obj\stm32f4xx_tim.o
 .text.TIM_OC4Init
                0x00000000       0xcc ..\obj\stm32f4xx_tim.o
 .text.TIM_OCStructInit
                0x00000000       0x44 ..\obj\stm32f4xx_tim.o
 .text.TIM_SelectOCxM
                0x00000000       0xb0 ..\obj\stm32f4xx_tim.o
 .text.TIM_SetCompare1
                0x00000000       0x1c ..\obj\stm32f4xx_tim.o
 .text.TIM_SetCompare2
                0x00000000       0x1c ..\obj\stm32f4xx_tim.o
 .text.TIM_SetCompare3
                0x00000000       0x1c ..\obj\stm32f4xx_tim.o
 .text.TIM_SetCompare4
                0x00000000       0x1c ..\obj\stm32f4xx_tim.o
 .text.TIM_ForcedOC1Config
                0x00000000       0x38 ..\obj\stm32f4xx_tim.o
 .text.TIM_ForcedOC2Config
                0x00000000       0x3c ..\obj\stm32f4xx_tim.o
 .text.TIM_ForcedOC3Config
                0x00000000       0x38 ..\obj\stm32f4xx_tim.o
 .text.TIM_ForcedOC4Config
                0x00000000       0x3c ..\obj\stm32f4xx_tim.o
 .text.TIM_OC1PreloadConfig
                0x00000000       0x38 ..\obj\stm32f4xx_tim.o
 .text.TIM_OC2PreloadConfig
                0x00000000       0x3c ..\obj\stm32f4xx_tim.o
 .text.TIM_OC3PreloadConfig
                0x00000000       0x38 ..\obj\stm32f4xx_tim.o
 .text.TIM_OC4PreloadConfig
                0x00000000       0x3c ..\obj\stm32f4xx_tim.o
 .text.TIM_OC1FastConfig
                0x00000000       0x38 ..\obj\stm32f4xx_tim.o
 .text.TIM_OC2FastConfig
                0x00000000       0x3c ..\obj\stm32f4xx_tim.o
 .text.TIM_OC3FastConfig
                0x00000000       0x38 ..\obj\stm32f4xx_tim.o
 .text.TIM_OC4FastConfig
                0x00000000       0x3c ..\obj\stm32f4xx_tim.o
 .text.TIM_ClearOC1Ref
                0x00000000       0x38 ..\obj\stm32f4xx_tim.o
 .text.TIM_ClearOC2Ref
                0x00000000       0x3c ..\obj\stm32f4xx_tim.o
 .text.TIM_ClearOC3Ref
                0x00000000       0x38 ..\obj\stm32f4xx_tim.o
 .text.TIM_ClearOC4Ref
                0x00000000       0x3c ..\obj\stm32f4xx_tim.o
 .text.TIM_OC1PolarityConfig
                0x00000000       0x38 ..\obj\stm32f4xx_tim.o
 .text.TIM_OC1NPolarityConfig
                0x00000000       0x38 ..\obj\stm32f4xx_tim.o
 .text.TIM_OC2PolarityConfig
                0x00000000       0x3c ..\obj\stm32f4xx_tim.o
 .text.TIM_OC2NPolarityConfig
                0x00000000       0x3c ..\obj\stm32f4xx_tim.o
 .text.TIM_OC3PolarityConfig
                0x00000000       0x3c ..\obj\stm32f4xx_tim.o
 .text.TIM_OC3NPolarityConfig
                0x00000000       0x3c ..\obj\stm32f4xx_tim.o
 .text.TIM_OC4PolarityConfig
                0x00000000       0x3c ..\obj\stm32f4xx_tim.o
 .text.TIM_CCxCmd
                0x00000000       0x54 ..\obj\stm32f4xx_tim.o
 .text.TIM_CCxNCmd
                0x00000000       0x54 ..\obj\stm32f4xx_tim.o
 .text.TIM_ICInit
                0x00000000       0xa8 ..\obj\stm32f4xx_tim.o
 .text.TIM_ICStructInit
                0x00000000       0x30 ..\obj\stm32f4xx_tim.o
 .text.TIM_PWMIConfig
                0x00000000       0xb8 ..\obj\stm32f4xx_tim.o
 .text.TIM_GetCapture1
                0x00000000       0x18 ..\obj\stm32f4xx_tim.o
 .text.TIM_GetCapture2
                0x00000000       0x18 ..\obj\stm32f4xx_tim.o
 .text.TIM_GetCapture3
                0x00000000       0x18 ..\obj\stm32f4xx_tim.o
 .text.TIM_GetCapture4
                0x00000000       0x18 ..\obj\stm32f4xx_tim.o
 .text.TIM_SetIC1Prescaler
                0x00000000       0x38 ..\obj\stm32f4xx_tim.o
 .text.TIM_SetIC2Prescaler
                0x00000000       0x3c ..\obj\stm32f4xx_tim.o
 .text.TIM_SetIC3Prescaler
                0x00000000       0x38 ..\obj\stm32f4xx_tim.o
 .text.TIM_SetIC4Prescaler
                0x00000000       0x3c ..\obj\stm32f4xx_tim.o
 .text.TIM_BDTRConfig
                0x00000000       0x50 ..\obj\stm32f4xx_tim.o
 .text.TIM_BDTRStructInit
                0x00000000       0x3c ..\obj\stm32f4xx_tim.o
 .text.TIM_CtrlPWMOutputs
                0x00000000       0x4c ..\obj\stm32f4xx_tim.o
 .text.TIM_SelectCOM
                0x00000000       0x40 ..\obj\stm32f4xx_tim.o
 .text.TIM_CCPreloadControl
                0x00000000       0x40 ..\obj\stm32f4xx_tim.o
 .text.TIM_ITConfig
                0x00000000       0x48 ..\obj\stm32f4xx_tim.o
 .text.TIM_GenerateEvent
                0x00000000       0x1c ..\obj\stm32f4xx_tim.o
 .text.TIM_GetFlagStatus
                0x00000000       0x38 ..\obj\stm32f4xx_tim.o
 .text.TIM_ClearFlag
                0x00000000       0x20 ..\obj\stm32f4xx_tim.o
 .text.TIM_GetITStatus
                0x00000000       0x54 ..\obj\stm32f4xx_tim.o
 .text.TIM_ClearITPendingBit
                0x00000000       0x20 ..\obj\stm32f4xx_tim.o
 .text.TIM_DMAConfig
                0x00000000       0x28 ..\obj\stm32f4xx_tim.o
 .text.TIM_DMACmd
                0x00000000       0x48 ..\obj\stm32f4xx_tim.o
 .text.TIM_SelectCCDMA
                0x00000000       0x40 ..\obj\stm32f4xx_tim.o
 .text.TIM_InternalClockConfig
                0x00000000       0x24 ..\obj\stm32f4xx_tim.o
 .text.TIM_ITRxExternalClockConfig
                0x00000000       0x2c ..\obj\stm32f4xx_tim.o
 .text.TIM_TIxExternalClockConfig
                0x00000000       0x60 ..\obj\stm32f4xx_tim.o
 .text.TIM_ETRClockMode1Config
                0x00000000       0x5c ..\obj\stm32f4xx_tim.o
 .text.TIM_ETRClockMode2Config
                0x00000000       0x3c ..\obj\stm32f4xx_tim.o
 .text.TIM_SelectInputTrigger
                0x00000000       0x38 ..\obj\stm32f4xx_tim.o
 .text.TIM_SelectOutputTrigger
                0x00000000       0x38 ..\obj\stm32f4xx_tim.o
 .text.TIM_SelectSlaveMode
                0x00000000       0x38 ..\obj\stm32f4xx_tim.o
 .text.TIM_SelectMasterSlaveMode
                0x00000000       0x38 ..\obj\stm32f4xx_tim.o
 .text.TIM_ETRConfig
                0x00000000       0x54 ..\obj\stm32f4xx_tim.o
 .text.TIM_EncoderInterfaceConfig
                0x00000000       0x98 ..\obj\stm32f4xx_tim.o
 .text.TIM_SelectHallSensor
                0x00000000       0x40 ..\obj\stm32f4xx_tim.o
 .text.TIM_RemapConfig
                0x00000000       0x20 ..\obj\stm32f4xx_tim.o
 .text.TI1_Config
                0x00000000       0x84 ..\obj\stm32f4xx_tim.o
 .text.TI2_Config
                0x00000000       0x98 ..\obj\stm32f4xx_tim.o
 .text.TI3_Config
                0x00000000       0x90 ..\obj\stm32f4xx_tim.o
 .text.TI4_Config
                0x00000000       0x9c ..\obj\stm32f4xx_tim.o
 .debug_info    0x00000000     0x1c61 ..\obj\stm32f4xx_tim.o
 .debug_abbrev  0x00000000      0x187 ..\obj\stm32f4xx_tim.o
 .debug_aranges
                0x00000000      0x2f8 ..\obj\stm32f4xx_tim.o
 .debug_ranges  0x00000000      0x2e8 ..\obj\stm32f4xx_tim.o
 .debug_line    0x00000000      0xa7a ..\obj\stm32f4xx_tim.o
 .debug_str     0x00000000      0xdcf ..\obj\stm32f4xx_tim.o
 .comment       0x00000000       0x71 ..\obj\stm32f4xx_tim.o
 .debug_frame   0x00000000      0xe54 ..\obj\stm32f4xx_tim.o
 .ARM.attributes
                0x00000000       0x33 ..\obj\stm32f4xx_tim.o
 .data          0x00000000        0x0 c:/program files (x86)/gnu tools arm embedded/4.9 2015q3/bin/../lib/gcc/arm-none-eabi/4.9.3/armv7e-m\libgcc.a(_arm_addsubsf3.o)
 .bss           0x00000000        0x0 c:/program files (x86)/gnu tools arm embedded/4.9 2015q3/bin/../lib/gcc/arm-none-eabi/4.9.3/armv7e-m\libgcc.a(_arm_addsubsf3.o)
 .data          0x00000000        0x0 c:/program files (x86)/gnu tools arm embedded/4.9 2015q3/bin/../lib/gcc/arm-none-eabi/4.9.3/armv7e-m\libgcc.a(_arm_muldivsf3.o)
 .bss           0x00000000        0x0 c:/program files (x86)/gnu tools arm embedded/4.9 2015q3/bin/../lib/gcc/arm-none-eabi/4.9.3/armv7e-m\libgcc.a(_arm_muldivsf3.o)
 .data          0x00000000        0x0 c:/program files (x86)/gnu tools arm embedded/4.9 2015q3/bin/../lib/gcc/arm-none-eabi/4.9.3/armv7e-m\libgcc.a(_arm_fixunssfsi.o)
 .bss           0x00000000        0x0 c:/program files (x86)/gnu tools arm embedded/4.9 2015q3/bin/../lib/gcc/arm-none-eabi/4.9.3/armv7e-m\libgcc.a(_arm_fixunssfsi.o)

Memory Configuration

Name             Origin             Length             Attributes
rom              0x08000000         0x00100000         xr
ram              0x20000000         0x00020000         xrw
ram1             0x10000000         0x00010000         xrw
*default*        0x00000000         0xffffffff

Linker script and memory map

                0x20020000                _eram = 0x20020000

.text           0x08000000     0x128c
 *(.isr_vector)
 .isr_vector    0x08000000      0x188 ..\obj\startup_stm32f4xx.o
                0x08000000                g_pfnVectors
 *(.text*)
 .text.NVIC_SetPriority
                0x08000188       0x54 ..\obj\delay.o
 .text.SysTick_Config
                0x080001dc       0x44 ..\obj\delay.o
 .text.SysTick_Init
                0x08000220       0x28 ..\obj\delay.o
                0x08000220                SysTick_Init
 .text.TimeTick_Decrement
                0x08000248       0x24 ..\obj\delay.o
                0x08000248                TimeTick_Decrement
 .text.delay_1ms
                0x0800026c       0x24 ..\obj\delay.o
                0x0800026c                delay_1ms
 .text.delay_nms
                0x08000290       0x20 ..\obj\delay.o
                0x08000290                delay_nms
 .text.DAC_DeInit
                0x080002b0       0x1c ..\obj\stm32f4xx_dac.o
                0x080002b0                DAC_DeInit
 .text.DAC_Init
                0x080002cc       0x64 ..\obj\stm32f4xx_dac.o
                0x080002cc                DAC_Init
 .text.DAC_Cmd  0x08000330       0x48 ..\obj\stm32f4xx_dac.o
                0x08000330                DAC_Cmd
 .text.DAC_SoftwareTriggerCmd
                0x08000378       0x4c ..\obj\stm32f4xx_dac.o
                0x08000378                DAC_SoftwareTriggerCmd
 .text.DAC_SetChannel1Data
                0x080003c4       0x34 ..\obj\stm32f4xx_dac.o
                0x080003c4                DAC_SetChannel1Data
 .text.DAC_SetChannel2Data
                0x080003f8       0x34 ..\obj\stm32f4xx_dac.o
                0x080003f8                DAC_SetChannel2Data
 .text.Default_Reset_Handler
                0x0800042c       0x58 ..\obj\startup_stm32f4xx.o
                0x0800042c                Default_Reset_Handler
                0x0800042c                Reset_Handler
 .text.Default_Handler
                0x08000484        0x8 ..\obj\startup_stm32f4xx.o
                0x08000484                RTC_Alarm_IRQHandler
                0x08000484                HASH_RNG_IRQHandler
                0x08000484                EXTI2_IRQHandler
                0x08000484                TIM8_CC_IRQHandler
                0x08000484                DebugMon_Handler
                0x08000484                TIM1_CC_IRQHandler
                0x08000484                DMA2_Stream5_IRQHandler
                0x08000484                HardFault_Handler
                0x08000484                DMA1_Stream5_IRQHandler
                0x08000484                PVD_IRQHandler
                0x08000484                SDIO_IRQHandler
                0x08000484                TAMP_STAMP_IRQHandler
                0x08000484                PendSV_Handler
                0x08000484                NMI_Handler
                0x08000484                CAN2_RX1_IRQHandler
                0x08000484                EXTI3_IRQHandler
                0x08000484                TIM8_TRG_COM_TIM14_IRQHandler
                0x08000484                TIM1_UP_TIM10_IRQHandler
                0x08000484                TIM8_UP_TIM13_IRQHandler
                0x08000484                I2C3_ER_IRQHandler
                0x08000484                EXTI0_IRQHandler
                0x08000484                I2C2_EV_IRQHandler
                0x08000484                DMA1_Stream2_IRQHandler
                0x08000484                CAN1_RX0_IRQHandler
                0x08000484                FPU_IRQHandler
                0x08000484                OTG_HS_WKUP_IRQHandler
                0x08000484                UsageFault_Handler
                0x08000484                CAN2_SCE_IRQHandler
                0x08000484                DMA2_Stream2_IRQHandler
                0x08000484                SPI1_IRQHandler
                0x08000484                TIM6_DAC_IRQHandler
                0x08000484                TIM1_BRK_TIM9_IRQHandler
                0x08000484                DCMI_IRQHandler
                0x08000484                CAN2_RX0_IRQHandler
                0x08000484                DMA2_Stream3_IRQHandler
                0x08000484                USART6_IRQHandler
                0x08000484                USART3_IRQHandler
                0x08000484                CRYP_IRQHandler
                0x08000484                CAN1_RX1_IRQHandler
                0x08000484                UART5_IRQHandler
                0x08000484                DMA2_Stream0_IRQHandler
                0x08000484                TIM4_IRQHandler
                0x08000484                I2C1_EV_IRQHandler
                0x08000484                DMA1_Stream6_IRQHandler
                0x08000484                DMA1_Stream1_IRQHandler
                0x08000484                UART4_IRQHandler
                0x08000484                TIM3_IRQHandler
                0x08000484                RCC_IRQHandler
                0x08000484                TIM8_BRK_TIM12_IRQHandler
                0x08000484                EXTI15_10_IRQHandler
                0x08000484                ADC_IRQHandler
                0x08000484                DMA1_Stream7_IRQHandler
                0x08000484                TIM7_IRQHandler
                0x08000484                CAN2_TX_IRQHandler
                0x08000484                TIM5_IRQHandler
                0x08000484                DMA2_Stream7_IRQHandler
                0x08000484                I2C3_EV_IRQHandler
                0x08000484                EXTI9_5_IRQHandler
                0x08000484                RTC_WKUP_IRQHandler
                0x08000484                ETH_WKUP_IRQHandler
                0x08000484                SPI2_IRQHandler
                0x08000484                OTG_HS_EP1_IN_IRQHandler
                0x08000484                MemManage_Handler
                0x08000484                DMA1_Stream0_IRQHandler
                0x08000484                CAN1_TX_IRQHandler
                0x08000484                SVC_Handler
                0x08000484                EXTI4_IRQHandler
                0x08000484                FSMC_IRQHandler
                0x08000484                ETH_IRQHandler
                0x08000484                OTG_HS_EP1_OUT_IRQHandler
                0x08000484                WWDG_IRQHandler
                0x08000484                TIM2_IRQHandler
                0x08000484                OTG_FS_WKUP_IRQHandler
                0x08000484                TIM1_TRG_COM_TIM11_IRQHandler
                0x08000484                OTG_HS_IRQHandler
                0x08000484                EXTI1_IRQHandler
                0x08000484                USART2_IRQHandler
                0x08000484                I2C2_ER_IRQHandler
                0x08000484                DMA2_Stream1_IRQHandler
                0x08000484                CAN1_SCE_IRQHandler
                0x08000484                FLASH_IRQHandler
                0x08000484                DMA2_Stream4_IRQHandler
                0x08000484                BusFault_Handler
                0x08000484                USART1_IRQHandler
                0x08000484                OTG_FS_IRQHandler
                0x08000484                SPI3_IRQHandler
                0x08000484                DMA1_Stream4_IRQHandler
                0x08000484                I2C1_ER_IRQHandler
                0x08000484                DMA2_Stream6_IRQHandler
                0x08000484                DMA1_Stream3_IRQHandler
 .text.main     0x0800048c       0xa0 ..\obj\main.o
                0x0800048c                main
 .text.ADC_GetPotValue
                0x0800052c       0x4c ..\obj\main.o
                0x0800052c                ADC_GetPotValue
 .text.ADC_GetTachyValue
                0x08000578       0x4c ..\obj\main.o
                0x08000578                ADC_GetTachyValue
 .text.Tachy_to_RPM
                0x080005c4       0x3c ..\obj\main.o
                0x080005c4                Tachy_to_RPM
 .text.DAC_Set_values
                0x08000600       0x3c ..\obj\main.o
                0x08000600                DAC_Set_values
 .text.GPIO_Config
                0x0800063c       0x38 ..\obj\main.o
                0x0800063c                GPIO_Config
 .text.ADC_Config
                0x08000674       0xd8 ..\obj\main.o
                0x08000674                ADC_Config
 .text.DAC_Config
                0x0800074c       0x70 ..\obj\main.o
                0x0800074c                DAC_Config
 .text.SysTick_Handler
                0x080007bc        0xc ..\obj\main.o
                0x080007bc                SysTick_Handler
 .text.RCC_AHB1PeriphClockCmd
                0x080007c8       0x3c ..\obj\stm32f4xx_rcc.o
                0x080007c8                RCC_AHB1PeriphClockCmd
 .text.RCC_APB1PeriphClockCmd
                0x08000804       0x3c ..\obj\stm32f4xx_rcc.o
                0x08000804                RCC_APB1PeriphClockCmd
 .text.RCC_APB2PeriphClockCmd
                0x08000840       0x3c ..\obj\stm32f4xx_rcc.o
                0x08000840                RCC_APB2PeriphClockCmd
 .text.RCC_APB1PeriphResetCmd
                0x0800087c       0x3c ..\obj\stm32f4xx_rcc.o
                0x0800087c                RCC_APB1PeriphResetCmd
 .text.RCC_APB2PeriphResetCmd
                0x080008b8       0x3c ..\obj\stm32f4xx_rcc.o
                0x080008b8                RCC_APB2PeriphResetCmd
 .text.ADC_DeInit
                0x080008f4       0x1c ..\obj\stm32f4xx_adc.o
                0x080008f4                ADC_DeInit
 .text.ADC_Init
                0x08000910       0xa8 ..\obj\stm32f4xx_adc.o
                0x08000910                ADC_Init
 .text.ADC_StructInit
                0x080009b8       0x3c ..\obj\stm32f4xx_adc.o
                0x080009b8                ADC_StructInit
 .text.ADC_Cmd  0x080009f4       0x38 ..\obj\stm32f4xx_adc.o
                0x080009f4                ADC_Cmd
 .text.ADC_RegularChannelConfig
                0x08000a2c      0x194 ..\obj\stm32f4xx_adc.o
                0x08000a2c                ADC_RegularChannelConfig
 .text.ADC_SoftwareStartConv
                0x08000bc0       0x20 ..\obj\stm32f4xx_adc.o
                0x08000bc0                ADC_SoftwareStartConv
 .text.ADC_GetConversionValue
                0x08000be0       0x1c ..\obj\stm32f4xx_adc.o
                0x08000be0                ADC_GetConversionValue
 .text.ADC_GetFlagStatus
                0x08000bfc       0x34 ..\obj\stm32f4xx_adc.o
                0x08000bfc                ADC_GetFlagStatus
 .text.ADC_ClearFlag
                0x08000c30       0x20 ..\obj\stm32f4xx_adc.o
                0x08000c30                ADC_ClearFlag
 .text.GPIO_Init
                0x08000c50      0x11c ..\obj\stm32f4xx_gpio.o
                0x08000c50                GPIO_Init
 .text.GPIO_ToggleBits
                0x08000d6c       0x24 ..\obj\stm32f4xx_gpio.o
                0x08000d6c                GPIO_ToggleBits
 .text          0x08000d90      0x21c c:/program files (x86)/gnu tools arm embedded/4.9 2015q3/bin/../lib/gcc/arm-none-eabi/4.9.3/armv7e-m\libgcc.a(_arm_addsubsf3.o)
                0x08000d90                __aeabi_frsub
                0x08000d98                __subsf3
                0x08000d98                __aeabi_fsub
                0x08000d9c                __aeabi_fadd
                0x08000d9c                __addsf3
                0x08000efc                __aeabi_ui2f
                0x08000efc                __floatunsisf
                0x08000f04                __aeabi_i2f
                0x08000f04                __floatsisf
                0x08000f20                __aeabi_ul2f
                0x08000f20                __floatundisf
                0x08000f30                __aeabi_l2f
                0x08000f30                __floatdisf
 .text          0x08000fac      0x2a0 c:/program files (x86)/gnu tools arm embedded/4.9 2015q3/bin/../lib/gcc/arm-none-eabi/4.9.3/armv7e-m\libgcc.a(_arm_muldivsf3.o)
                0x08000fac                __mulsf3
                0x08000fac                __aeabi_fmul
                0x08001114                __aeabi_fdiv
                0x08001114                __divsf3
 .text          0x0800124c       0x40 c:/program files (x86)/gnu tools arm embedded/4.9 2015q3/bin/../lib/gcc/arm-none-eabi/4.9.3/armv7e-m\libgcc.a(_arm_fixunssfsi.o)
                0x0800124c                __fixunssfsi
                0x0800124c                __aeabi_f2uiz
 *(.init)
 *(.fini)
 *crtbegin.o(.ctors)
 *crtbegin?.o(.ctors)
 *(EXCLUDE_FILE(*crtend.o *crtend?.o) .ctors)
 *(SORT(.ctors.*))
 *(.ctors)
 *crtbegin.o(.dtors)
 *crtbegin?.o(.dtors)
 *(EXCLUDE_FILE(*crtend.o *crtend?.o) .dtors)
 *(SORT(.dtors.*))
 *(.dtors)
 *(.rodata*)
 *(.eh_fram e*)

.glue_7         0x0800128c        0x0
 .glue_7        0x00000000        0x0 linker stubs

.glue_7t        0x0800128c        0x0
 .glue_7t       0x00000000        0x0 linker stubs

.vfp11_veneer   0x0800128c        0x0
 .vfp11_veneer  0x00000000        0x0 linker stubs

.v4_bx          0x0800128c        0x0
 .v4_bx         0x00000000        0x0 linker stubs

.iplt           0x0800128c        0x0
 .iplt          0x00000000        0x0 ..\obj\delay.o

.rel.dyn        0x0800128c        0x0
 .rel.iplt      0x00000000        0x0 ..\obj\delay.o

.ARM.extab
 *(.ARM.extab* .gnu.linkonce.armextab.*)
                0x0800128c                __exidx_start = .

.ARM.exidx
 *(.ARM.exidx* .gnu.linkonce.armexidx.*)
                0x0800128c                __exidx_end = .
                0x0800128c                __etext = .
                0x0800128c                _sidata = __etext

.data           0x20000000       0x14 load address 0x0800128c
                0x20000000                __data_start__ = .
                0x20000000                _sdata = __data_start__
 *(vtable)
 *(.data*)
 .data          0x20000000       0x14 ..\obj\system_stm32f4xx.o
                0x20000000                SystemCoreClock
                0x20000004                AHBPrescTable
                0x20000014                . = ALIGN (0x4)
                0x20000014                PROVIDE (__preinit_array_start, .)
 *(.preinit_array)
                0x20000014                PROVIDE (__preinit_array_end, .)
                0x20000014                . = ALIGN (0x4)
                0x20000014                PROVIDE (__init_array_start, .)
 *(SORT(.init_array.*))
 *(.init_array)
                0x20000014                PROVIDE (__init_array_end, .)
                0x20000014                . = ALIGN (0x4)
                0x20000014                PROVIDE (__fini_array_start, .)
 *(SORT(.fini_array.*))
 *(.fini_array)
                0x20000014                PROVIDE (__fini_array_end, .)
 *(.jcr*)
                0x20000014                . = ALIGN (0x4)
                0x20000014                __data_end__ = .
                0x20000014                _edata = __data_end__

.igot.plt       0x20000014        0x0 load address 0x080012a0
 .igot.plt      0x00000000        0x0 ..\obj\delay.o

.bss            0x20000014       0x10 load address 0x080012a0
                0x20000014                . = ALIGN (0x4)
                0x20000014                __bss_start__ = .
                0x20000014                _sbss = __bss_start__
 *(.bss*)
 .bss           0x20000014        0x4 ..\obj\delay.o
 .bss           0x20000018        0xa ..\obj\main.o
                0x20000018                pot_value
                0x2000001a                tachy_value
                0x2000001c                tachy_speed
                0x2000001e                dac_p_value
                0x20000020                dac_n_value
 *(COMMON)
                0x20000024                . = ALIGN (0x4)
 *fill*         0x20000022        0x2 
                0x20000024                __bss_end__ = .
                0x20000024                _ebss = __bss_end__

.heap           0x20000024        0x0
                0x20000024                __end__ = .
                0x20000024                _end = __end__
                0x20000024                end = __end__
 *(.heap*)
                0x20000024                __HeapLimit = .

.co_stack       0x20000024      0x804 load address 0x080012b0
                0x20000028                . = ALIGN (0x8)
 *fill*         0x20000024        0x4 
 *(.co_stack .co_stack.*)
 .co_stack      0x20000028      0x800 ..\obj\startup_stm32f4xx.o
                0x20000028                pulStack
                0x20020000                __StackTop = (ORIGIN (ram) + 0x20000)
                0x2001f7fc                __StackLimit = (__StackTop - SIZEOF (.co_stack))
                0x20020000                PROVIDE (__stack, __StackTop)
                0x00000001                ASSERT ((__StackLimit >= __HeapLimit), region ram  overflowed with stack)
LOAD ..\obj\delay.o
LOAD ..\obj\stm32f4xx_usart.o
LOAD ..\obj\stm32f4xx_dac.o
LOAD ..\obj\startup_stm32f4xx.o
LOAD ..\obj\main.o
LOAD ..\obj\stm32f4xx_rcc.o
LOAD ..\obj\stm32f4xx_adc.o
LOAD ..\obj\stm32f4xx_gpio.o
LOAD ..\obj\system_stm32f4xx.o
LOAD ..\obj\stm32f4xx_tim.o
START GROUP
LOAD c:/program files (x86)/gnu tools arm embedded/4.9 2015q3/bin/../lib/gcc/arm-none-eabi/4.9.3/armv7e-m\libgcc.a
LOAD c:/program files (x86)/gnu tools arm embedded/4.9 2015q3/bin/../lib/gcc/arm-none-eabi/4.9.3/../../../../arm-none-eabi/lib/armv7e-m\libg.a
LOAD c:/program files (x86)/gnu tools arm embedded/4.9 2015q3/bin/../lib/gcc/arm-none-eabi/4.9.3/../../../../arm-none-eabi/lib/armv7e-m\libc.a
END GROUP
OUTPUT(projet_autom.elf elf32-littlearm)

.debug_info     0x00000000     0x38cc
 .debug_info    0x00000000      0x70f ..\obj\delay.o
 .debug_info    0x0000070f      0x63a ..\obj\stm32f4xx_dac.o
 .debug_info    0x00000d49       0xed ..\obj\startup_stm32f4xx.o
 .debug_info    0x00000e36      0x67d ..\obj\main.o
 .debug_info    0x000014b3      0xc4d ..\obj\stm32f4xx_rcc.o
 .debug_info    0x00002100      0xc38 ..\obj\stm32f4xx_adc.o
 .debug_info    0x00002d38      0x602 ..\obj\stm32f4xx_gpio.o
 .debug_info    0x0000333a      0x592 ..\obj\system_stm32f4xx.o

.debug_abbrev   0x00000000      0xbc7
 .debug_abbrev  0x00000000      0x1be ..\obj\delay.o
 .debug_abbrev  0x000001be      0x17c ..\obj\stm32f4xx_dac.o
 .debug_abbrev  0x0000033a       0xb0 ..\obj\startup_stm32f4xx.o
 .debug_abbrev  0x000003ea      0x18b ..\obj\main.o
 .debug_abbrev  0x00000575      0x1e3 ..\obj\stm32f4xx_rcc.o
 .debug_abbrev  0x00000758      0x196 ..\obj\stm32f4xx_adc.o
 .debug_abbrev  0x000008ee      0x1a3 ..\obj\stm32f4xx_gpio.o
 .debug_abbrev  0x00000a91      0x136 ..\obj\system_stm32f4xx.o

.debug_aranges  0x00000000      0x4f0
 .debug_aranges
                0x00000000       0x50 ..\obj\delay.o
 .debug_aranges
                0x00000050       0xa0 ..\obj\stm32f4xx_dac.o
 .debug_aranges
                0x000000f0       0x28 ..\obj\startup_stm32f4xx.o
 .debug_aranges
                0x00000118       0x60 ..\obj\main.o
 .debug_aranges
                0x00000178      0x178 ..\obj\stm32f4xx_rcc.o
 .debug_aranges
                0x000002f0      0x148 ..\obj\stm32f4xx_adc.o
 .debug_aranges
                0x00000438       0x88 ..\obj\stm32f4xx_gpio.o
 .debug_aranges
                0x000004c0       0x30 ..\obj\system_stm32f4xx.o

.debug_ranges   0x00000000      0x470
 .debug_ranges  0x00000000       0x40 ..\obj\delay.o
 .debug_ranges  0x00000040       0x90 ..\obj\stm32f4xx_dac.o
 .debug_ranges  0x000000d0       0x18 ..\obj\startup_stm32f4xx.o
 .debug_ranges  0x000000e8       0x50 ..\obj\main.o
 .debug_ranges  0x00000138      0x168 ..\obj\stm32f4xx_rcc.o
 .debug_ranges  0x000002a0      0x138 ..\obj\stm32f4xx_adc.o
 .debug_ranges  0x000003d8       0x78 ..\obj\stm32f4xx_gpio.o
 .debug_ranges  0x00000450       0x20 ..\obj\system_stm32f4xx.o

.debug_line     0x00000000     0x19ed
 .debug_line    0x00000000      0x25b ..\obj\delay.o
 .debug_line    0x0000025b      0x368 ..\obj\stm32f4xx_dac.o
 .debug_line    0x000005c3       0xa0 ..\obj\startup_stm32f4xx.o
 .debug_line    0x00000663      0x324 ..\obj\main.o
 .debug_line    0x00000987      0x5b1 ..\obj\stm32f4xx_rcc.o
 .debug_line    0x00000f38      0x562 ..\obj\stm32f4xx_adc.o
 .debug_line    0x0000149a      0x353 ..\obj\stm32f4xx_gpio.o
 .debug_line    0x000017ed      0x200 ..\obj\system_stm32f4xx.o

.debug_str      0x00000000     0x1cb8
 .debug_str     0x00000000      0x79d ..\obj\delay.o
                                0x7ef (size before relaxing)
 .debug_str     0x0000079d      0x2d7 ..\obj\stm32f4xx_dac.o
                                0x452 (size before relaxing)
 .debug_str     0x00000a74       0xaf ..\obj\startup_stm32f4xx.o
                                0x146 (size before relaxing)
 .debug_str     0x00000b23      0x3d5 ..\obj\main.o
                                0x5c3 (size before relaxing)
 .debug_str     0x00000ef8      0x64f ..\obj\stm32f4xx_rcc.o
                                0x84f (size before relaxing)
 .debug_str     0x00001547      0x52c ..\obj\stm32f4xx_adc.o
                                0x803 (size before relaxing)
 .debug_str     0x00001a73      0x192 ..\obj\stm32f4xx_gpio.o
                                0x4a2 (size before relaxing)
 .debug_str     0x00001c05       0xb3 ..\obj\system_stm32f4xx.o
                                0x3a9 (size before relaxing)

.comment        0x00000000       0x70
 .comment       0x00000000       0x70 ..\obj\delay.o
                                 0x71 (size before relaxing)
 .comment       0x00000000       0x71 ..\obj\stm32f4xx_dac.o
 .comment       0x00000000       0x71 ..\obj\startup_stm32f4xx.o
 .comment       0x00000000       0x71 ..\obj\main.o
 .comment       0x00000000       0x71 ..\obj\stm32f4xx_rcc.o
 .comment       0x00000000       0x71 ..\obj\stm32f4xx_adc.o
 .comment       0x00000000       0x71 ..\obj\stm32f4xx_gpio.o
 .comment       0x00000000       0x71 ..\obj\system_stm32f4xx.o

.ARM.attributes
                0x00000000       0x33
 .ARM.attributes
                0x00000000       0x33 ..\obj\delay.o
 .ARM.attributes
                0x00000033       0x33 ..\obj\stm32f4xx_dac.o
 .ARM.attributes
                0x00000066       0x33 ..\obj\startup_stm32f4xx.o
 .ARM.attributes
                0x00000099       0x33 ..\obj\main.o
 .ARM.attributes
                0x000000cc       0x33 ..\obj\stm32f4xx_rcc.o
 .ARM.attributes
                0x000000ff       0x33 ..\obj\stm32f4xx_adc.o
 .ARM.attributes
                0x00000132       0x33 ..\obj\stm32f4xx_gpio.o
 .ARM.attributes
                0x00000165       0x33 ..\obj\system_stm32f4xx.o
 .ARM.attributes
                0x00000198       0x1e c:/program files (x86)/gnu tools arm embedded/4.9 2015q3/bin/../lib/gcc/arm-none-eabi/4.9.3/armv7e-m\libgcc.a(_arm_addsubsf3.o)
 .ARM.attributes
                0x000001b6       0x1e c:/program files (x86)/gnu tools arm embedded/4.9 2015q3/bin/../lib/gcc/arm-none-eabi/4.9.3/armv7e-m\libgcc.a(_arm_muldivsf3.o)
 .ARM.attributes
                0x000001d4       0x1e c:/program files (x86)/gnu tools arm embedded/4.9 2015q3/bin/../lib/gcc/arm-none-eabi/4.9.3/armv7e-m\libgcc.a(_arm_fixunssfsi.o)

.debug_frame    0x00000000     0x14b8
 .debug_frame   0x00000000      0x104 ..\obj\delay.o
 .debug_frame   0x00000104      0x2ac ..\obj\stm32f4xx_dac.o
 .debug_frame   0x000003b0       0x4c ..\obj\startup_stm32f4xx.o
 .debug_frame   0x000003fc      0x144 ..\obj\main.o
 .debug_frame   0x00000540      0x6d4 ..\obj\stm32f4xx_rcc.o
 .debug_frame   0x00000c14      0x5ec ..\obj\stm32f4xx_adc.o
 .debug_frame   0x00001200      0x23c ..\obj\stm32f4xx_gpio.o
 .debug_frame   0x0000143c       0x7c ..\obj\system_stm32f4xx.o
